157.55.39.212 - - [09/May/2019:04:16:49 +0300] "GET /robots.txt HTTP/1.1" 200 278 "-" "Mozilla/5.0 (compatible; bingbot/2.0; +http://www.bing.com/bingbot.htm)"
154.51.131.142 - - [09/May/2019:06:08:58 +0300] "GET / HTTP/1.1" 302 213 "-" "Mozilla/4.0 (compatible; MSIE 7.0; Windows NT 5.1; Trident/4.0; .NET CLR 1.1.4322; .NET CLR 1.0.3705; .NET CLR 2.0.50727; .NET CLR 3.0.04506.648; .NET CLR 3.5.21022; .NET CLR 3.0.4506.2152; .NET CLR 3.5.30729)"
154.51.131.142 - - [09/May/2019:06:08:58 +0300] "GET /EN/home.shtml HTTP/1.1" 200 11449 "-" "Mozilla/4.0 (compatible; MSIE 7.0; Windows NT 5.1; Trident/4.0; .NET CLR 1.1.4322; .NET CLR 1.0.3705; .NET CLR 2.0.50727; .NET CLR 3.0.04506.648; .NET CLR 3.5.21022; .NET CLR 3.0.4506.2152; .NET CLR 3.5.30729)"
35.202.155.80 - - [09/May/2019:06:12:28 +0300] "GET / HTTP/1.1" 302 213 "-" "python-requests/2.21.0"
35.202.155.80 - - [09/May/2019:06:12:28 +0300] "GET /EN/home.shtml HTTP/1.1" 200 11449 "-" "python-requests/2.21.0"
66.249.73.155 - - [09/May/2019:07:01:03 +0300] "GET /robots.txt HTTP/1.1" 200 278 "-" "Mozilla/5.0 (compatible; Googlebot/2.1; +http://www.google.com/bot.html)"
66.249.73.155 - - [09/May/2019:07:01:03 +0300] "GET /download/Course%20-%20Quality%20Management.pdf HTTP/1.1" 200 70266 "-" "Mozilla/5.0 (compatible; Googlebot/2.1; +http://www.google.com/bot.html)"
35.225.83.86 - - [09/May/2019:07:14:43 +0300] "GET / HTTP/1.1" 302 213 "-" "python-requests/2.21.0"
35.225.83.86 - - [09/May/2019:07:14:43 +0300] "GET /EN/home.shtml HTTP/1.1" 200 11449 "-" "python-requests/2.21.0"
157.55.39.142 - - [09/May/2019:07:18:06 +0300] "GET /download/Course%20-%20Programming%20ASP.NET%20MVC.pdf HTTP/1.1" 304 - "-" "Mozilla/5.0 (compatible; bingbot/2.0; +http://www.bing.com/bingbot.htm)"
185.234.219.246 - - [09/May/2019:07:18:09 +0300] "GET / HTTP/1.1" 302 213 "-" "Mozilla/5.0 (Windows NT 6.1; WOW64) AppleWebKit/537.36 (KHTML, like Gecko) Chrome/34.0.1847.131 Safari/537.36"
185.234.219.246 - - [09/May/2019:07:18:09 +0300] "GET /EN/home.shtml HTTP/1.1" 200 11449 "-" "Mozilla/5.0 (Windows NT 6.1; WOW64) AppleWebKit/537.36 (KHTML, like Gecko) Chrome/34.0.1847.131 Safari/537.36"
66.249.73.149 - - [09/May/2019:07:27:19 +0300] "GET /robots.txt HTTP/1.1" 200 278 "-" "Mozilla/5.0 (compatible; Googlebot/2.1; +http://www.google.com/bot.html)"
66.249.73.145 - - [09/May/2019:07:27:19 +0300] "GET /EN/menu/ie5.js HTTP/1.1" 200 2760 "http://memiq.ro/EN/career.shtml" "Mozilla/5.0 AppleWebKit/537.36 (KHTML, like Gecko; compatible; Googlebot/2.1; +http://www.google.com/bot.html) Safari/537.36"
66.249.73.145 - - [09/May/2019:07:28:47 +0300] "GET /download/template.doc HTTP/1.1" 200 72704 "-" "Mozilla/5.0 (Linux; Android 6.0.1; Nexus 5X Build/MMB29P) AppleWebKit/537.36 (KHTML, like Gecko) Chrome/41.0.2272.96 Mobile Safari/537.36 (compatible; Googlebot/2.1; +http://www.google.com/bot.html)"
77.220.215.153 - - [09/May/2019:08:55:47 +0300] "HEAD / HTTP/1.1" 302 - "https://pvhgid.ru" "Mozilla/2.0 (compatible; MSIE4.00; Windows 2004)"
85.209.89.216 - - [09/May/2019:08:55:47 +0300] "HEAD / HTTP/1.1" 302 - "http://www.ladycrystal.net/publ/moda_i_stil/modnye_platja/27" "Mozilla/4.0 (compatible; MSIE5.00; Windows 2006)"
185.209.20.147 - - [09/May/2019:08:55:47 +0300] "HEAD / HTTP/1.1" 302 - "http://updowntoday.com/en/sites/einthusan.tv" "Mozilla/6.0 (compatible; MSIE3.00; Windows 2007)"
85.209.89.241 - - [09/May/2019:08:55:47 +0300] "HEAD / HTTP/1.1" 302 - "https://lbuckshee.com/novosti-dnya/" "Mozilla/8.0 (compatible; MSIE5.00; Windows 2004)"
85.209.89.205 - - [09/May/2019:08:55:47 +0300] "HEAD / HTTP/1.1" 302 - "https://dverirespekt.ru" "Mozilla/3.0 (compatible; MSIE5.00; Windows 2006)"
85.209.89.217 - - [09/May/2019:08:55:47 +0300] "HEAD / HTTP/1.1" 302 - "https://petimer.ru/catalog/dlya-jenschin-nijnee-bel%D1%91-eroticheskoe-bele-koshachi-ushi/" "Mozilla/4.0 (compatible; MSIE3.00; Windows 2005)"
212.86.109.31 - - [09/May/2019:08:55:47 +0300] "HEAD / HTTP/1.1" 302 - "https://gosuslugi-lichnyj-cabinet.ru/" "Mozilla/5.0 (compatible; MSIE5.00; Windows 2006)"
77.220.215.153 - - [09/May/2019:08:55:51 +0300] "HEAD /EN/home.shtml HTTP/1.1" 200 - "https://pvhgid.ru" "Mozilla/2.0 (compatible; MSIE4.00; Windows 2004)"
85.209.89.216 - - [09/May/2019:08:55:51 +0300] "HEAD /EN/home.shtml HTTP/1.1" 200 - "http://www.ladycrystal.net/publ/moda_i_stil/modnye_platja/27" "Mozilla/4.0 (compatible; MSIE5.00; Windows 2006)"
85.209.89.241 - - [09/May/2019:08:55:51 +0300] "HEAD /EN/home.shtml HTTP/1.1" 200 - "https://lbuckshee.com/novosti-dnya/" "Mozilla/8.0 (compatible; MSIE5.00; Windows 2004)"
185.209.20.147 - - [09/May/2019:08:55:51 +0300] "HEAD /EN/home.shtml HTTP/1.1" 200 - "http://updowntoday.com/en/sites/einthusan.tv" "Mozilla/6.0 (compatible; MSIE3.00; Windows 2007)"
85.209.89.205 - - [09/May/2019:08:55:51 +0300] "HEAD /EN/home.shtml HTTP/1.1" 200 - "https://dverirespekt.ru" "Mozilla/3.0 (compatible; MSIE5.00; Windows 2006)"
85.209.89.217 - - [09/May/2019:08:55:51 +0300] "HEAD /EN/home.shtml HTTP/1.1" 200 - "https://petimer.ru/catalog/dlya-jenschin-nijnee-bel%D1%91-eroticheskoe-bele-koshachi-ushi/" "Mozilla/4.0 (compatible; MSIE3.00; Windows 2005)"
212.86.109.31 - - [09/May/2019:08:55:51 +0300] "HEAD /EN/home.shtml HTTP/1.1" 200 - "https://gosuslugi-lichnyj-cabinet.ru/" "Mozilla/5.0 (compatible; MSIE5.00; Windows 2006)"
98.158.248.52 - - [09/May/2019:09:18:17 +0300] "GET /training/continental/python/exercitii/ HTTP/1.1" 200 2698 "-" "Mozilla/5.0 (Windows NT 10.0; WOW64; Trident/7.0; rv:11.0) like Gecko"
98.158.248.52 - - [09/May/2019:09:18:24 +0300] "GET /training/continental/python/exercitii/biblioteca_Marian.py HTTP/1.1" 200 4251 "http://memiq.ro/training/continental/python/exercitii/" "Mozilla/5.0 (Windows NT 10.0; WOW64; Trident/7.0; rv:11.0) like Gecko"
98.158.248.52 - - [09/May/2019:09:18:45 +0300] "GET /training/continental/python/exercitii/b.txt HTTP/1.1" 200 1581 "http://memiq.ro/training/continental/python/exercitii/" "Mozilla/5.0 (Windows NT 10.0; WOW64; Trident/7.0; rv:11.0) like Gecko"
98.158.248.52 - - [09/May/2019:09:18:48 +0300] "GET /training/continental/python/exercitii/Set.py HTTP/1.1" 200 289 "http://memiq.ro/training/continental/python/exercitii/" "Mozilla/5.0 (Windows NT 10.0; WOW64; Trident/7.0; rv:11.0) like Gecko"
40.77.167.197 - - [09/May/2019:09:19:22 +0300] "GET /download/Course%20-%20Programming%20WPF.pdf HTTP/1.1" 200 70822 "-" "Mozilla/5.0 (iPhone; CPU iPhone OS 7_0 like Mac OS X) AppleWebKit/537.51.1 (KHTML, like Gecko) Version/7.0 Mobile/11A465 Safari/9537.53 (compatible; bingbot/2.0; +http://www.bing.com/bingbot.htm)"
157.55.39.199 - - [09/May/2019:09:26:29 +0300] "GET / HTTP/1.1" 302 213 "-" "Mozilla/5.0 (compatible; bingbot/2.0; +http://www.bing.com/bingbot.htm)"
213.180.203.60 - - [09/May/2019:09:33:31 +0300] "GET /robots.txt HTTP/1.1" 200 278 "-" "Mozilla/5.0 (compatible; YandexBot/3.0; +http://yandex.com/bots)"
37.9.113.161 - - [09/May/2019:09:33:31 +0300] "GET /robots.txt HTTP/1.1" 200 278 "-" "Mozilla/5.0 (compatible; YandexBot/3.0; +http://yandex.com/bots)"
37.9.113.161 - - [09/May/2019:09:33:34 +0300] "GET / HTTP/1.1" 302 217 "-" "Mozilla/5.0 (compatible; YandexBot/3.0; +http://yandex.com/bots)"
213.180.203.60 - - [09/May/2019:09:33:35 +0300] "GET / HTTP/1.1" 302 213 "-" "Mozilla/5.0 (compatible; YandexBot/3.0; +http://yandex.com/bots)"
141.8.142.23 - - [09/May/2019:09:33:38 +0300] "GET /EN/home.shtml HTTP/1.1" 200 11449 "-" "Mozilla/5.0 (compatible; YandexBot/3.0; +http://yandex.com/bots)"
141.8.132.33 - - [09/May/2019:09:33:38 +0300] "GET /EN/home.shtml HTTP/1.1" 200 11449 "-" "Mozilla/5.0 (compatible; YandexBot/3.0; +http://yandex.com/bots)"
157.55.39.142 - - [09/May/2019:10:00:40 +0300] "GET /download/Descriere%20curs%20-%20Subiecte%20Avansate%20C++.pdf HTTP/1.1" 200 90735 "-" "Mozilla/5.0 (iPhone; CPU iPhone OS 7_0 like Mac OS X) AppleWebKit/537.51.1 (KHTML, like Gecko) Version/7.0 Mobile/11A465 Safari/9537.53 (compatible; bingbot/2.0; +http://www.bing.com/bingbot.htm)"
98.158.248.48 - - [09/May/2019:10:01:22 +0300] "GET /training/continental/python/ HTTP/1.1" 200 1218 "-" "Mozilla/5.0 (Windows NT 10.0; Win64; x64) AppleWebKit/537.36 (KHTML, like Gecko) Chrome/74.0.3729.131 Safari/537.36"
91.77.24.191 - - [09/May/2019:10:03:29 +0300] "GET / HTTP/1.0" 302 213 "http://memiq.ro/" "Mozilla/5.0 (Windows NT 10.0; Win64; x64) AppleWebKit/537.36 (KHTML, like Gecko) Chrome/67.0.3396.99 Safari/537.36"
91.77.24.191 - - [09/May/2019:10:03:29 +0300] "GET /EN/home.shtml HTTP/1.0" 200 11449 "http://memiq.ro/EN/home.shtml" "Mozilla/5.0 (Windows NT 10.0; Win64; x64) AppleWebKit/537.36 (KHTML, like Gecko) Chrome/67.0.3396.99 Safari/537.36"
91.77.24.191 - - [09/May/2019:10:03:29 +0300] "GET /EN/javascript:void%280%29 HTTP/1.0" 404 - "http://memiq.ro/EN/javascript:void%280%29" "Mozilla/5.0 (Windows NT 10.0; Win64; x64) AppleWebKit/537.36 (KHTML, like Gecko) Chrome/67.0.3396.99 Safari/537.36"
91.77.24.191 - - [09/May/2019:10:03:29 +0300] "GET /javascript:void%280%29 HTTP/1.0" 404 - "http://memiq.ro/javascript:void%280%29" "Mozilla/5.0 (Windows NT 10.0; Win64; x64) AppleWebKit/537.36 (KHTML, like Gecko) Chrome/67.0.3396.99 Safari/537.36"
91.77.24.191 - - [09/May/2019:10:03:30 +0300] "GET /EN/contact-us.shtml HTTP/1.0" 200 11359 "http://memiq.ro/EN/contact-us.shtml" "Mozilla/5.0 (Windows NT 10.0; Win64; x64) AppleWebKit/537.36 (KHTML, like Gecko) Chrome/67.0.3396.99 Safari/537.36"
91.77.24.191 - - [09/May/2019:10:03:30 +0300] "GET /EN/javascript:void%280%29 HTTP/1.0" 404 - "http://memiq.ro/EN/javascript:void%280%29" "Mozilla/5.0 (Windows NT 10.0; Win64; x64) AppleWebKit/537.36 (KHTML, like Gecko) Chrome/67.0.3396.99 Safari/537.36"
91.77.24.191 - - [09/May/2019:10:03:30 +0300] "GET /javascript:void%280%29 HTTP/1.0" 404 - "http://memiq.ro/javascript:void%280%29" "Mozilla/5.0 (Windows NT 10.0; Win64; x64) AppleWebKit/537.36 (KHTML, like Gecko) Chrome/67.0.3396.99 Safari/537.36"
91.77.24.191 - - [09/May/2019:10:03:30 +0300] "GET /EN/formular.shtml HTTP/1.0" 200 8962 "http://memiq.ro/EN/formular.shtml" "Mozilla/5.0 (Windows NT 10.0; Win64; x64) AppleWebKit/537.36 (KHTML, like Gecko) Chrome/67.0.3396.99 Safari/537.36"
91.77.24.191 - - [09/May/2019:10:03:30 +0300] "GET /EN/javascript:void%280%29 HTTP/1.0" 404 - "http://memiq.ro/EN/javascript:void%280%29" "Mozilla/5.0 (Windows NT 10.0; Win64; x64) AppleWebKit/537.36 (KHTML, like Gecko) Chrome/67.0.3396.99 Safari/537.36"
91.77.24.191 - - [09/May/2019:10:03:30 +0300] "GET /javascript:void%280%29 HTTP/1.0" 404 - "http://memiq.ro/javascript:void%280%29" "Mozilla/5.0 (Windows NT 10.0; Win64; x64) AppleWebKit/537.36 (KHTML, like Gecko) Chrome/67.0.3396.99 Safari/537.36"
91.77.24.191 - - [09/May/2019:10:03:31 +0300] "GET /EN/contact-us.shtml HTTP/1.0" 200 11359 "http://memiq.ro/EN/contact-us.shtml" "Mozilla/5.0 (Windows NT 10.0; Win64; x64) AppleWebKit/537.36 (KHTML, like Gecko) Chrome/67.0.3396.99 Safari/537.36"
91.77.24.191 - - [09/May/2019:10:03:31 +0300] "GET /EN/javascript:void%280%29 HTTP/1.0" 404 - "http://memiq.ro/EN/javascript:void%280%29" "Mozilla/5.0 (Windows NT 10.0; Win64; x64) AppleWebKit/537.36 (KHTML, like Gecko) Chrome/67.0.3396.99 Safari/537.36"
91.77.24.191 - - [09/May/2019:10:03:31 +0300] "GET /javascript:void%280%29 HTTP/1.0" 404 - "http://memiq.ro/javascript:void%280%29" "Mozilla/5.0 (Windows NT 10.0; Win64; x64) AppleWebKit/537.36 (KHTML, like Gecko) Chrome/67.0.3396.99 Safari/537.36"
91.77.24.191 - - [09/May/2019:10:03:31 +0300] "GET /EN/formular.shtml HTTP/1.0" 200 8962 "http://memiq.ro/EN/formular.shtml" "Mozilla/5.0 (Windows NT 10.0; Win64; x64) AppleWebKit/537.36 (KHTML, like Gecko) Chrome/67.0.3396.99 Safari/537.36"
54.149.98.75 - - [09/May/2019:10:09:04 +0300] "GET / HTTP/1.1" 302 217 "-" "Mozilla/5.0 (Windows NT 6.1; Win64; x64) AppleWebKit/537.36 (KHTML, like Gecko) Chrome/72.0.3626.109 Safari/537.36"
54.149.98.75 - - [09/May/2019:10:09:04 +0300] "GET /EN/home.shtml HTTP/1.1" 200 11449 "-" "Mozilla/5.0 (Windows NT 6.1; Win64; x64) AppleWebKit/537.36 (KHTML, like Gecko) Chrome/72.0.3626.109 Safari/537.36"
98.158.248.52 - - [09/May/2019:10:11:47 +0300] "GET /training/continental/python/exercitii/ HTTP/1.1" 200 3054 "https://adfs.contiwan.com/adfs/ls/wia?SAMLRequest=jZBBa4QwEIXv%2Bysk99UYE2OCuiz0stBe2tJDL0vUERc02sxY%2BvMbthR6LAPDMO%2FxzWPq09cyJ58Q8Lb6huUpZ6f2UJ93mvwzfOyAlESHx4btwdvV4Q2tdwugpd6%2BnJ8erUi53cJKa7%2FOLHn7RcU1Sy4PDbsKB0pANQ5gehi4KotKx0GNfSxQpnNaCCg7acToZGHUIHmnSxirUeei1xGDuMPFIzlPkcxzc%2BTqyM0rL22urRTvrK3vpvCftA4RAsWUrJ2INrRZhm6ZU5oCONr2GSH1QLaSsrgr93aN4rzU2c%2Bdts7%2BPqk9fAM%3D&RelayState=cmVhPWU2NzgzNzRlYWMzY2NlNDc0YzAwOTU2N2Q2OGI3OGFiLA%3D%3D&client-request-id=5e3cdb15-d27b-486f-63f6-008000000044" "Mozilla/5.0 (Windows NT 10.0; WOW64; Trident/7.0; rv:11.0) like Gecko"
98.158.248.52 - - [09/May/2019:10:11:54 +0300] "GET /training/continental/python/exercitii/md5.py HTTP/1.1" 200 134 "http://memiq.ro/training/continental/python/exercitii/" "Mozilla/5.0 (Windows NT 10.0; WOW64; Trident/7.0; rv:11.0) like Gecko"
98.158.248.52 - - [09/May/2019:10:12:00 +0300] "GET /training/continental/python/exercitii/jsonExample.py HTTP/1.1" 200 245 "http://memiq.ro/training/continental/python/exercitii/" "Mozilla/5.0 (Windows NT 10.0; WOW64; Trident/7.0; rv:11.0) like Gecko"
98.158.248.52 - - [09/May/2019:10:12:04 +0300] "GET /training/continental/python/exercitii/ HTTP/1.1" 200 3054 "https://adfs.contiwan.com/adfs/ls/wia?SAMLRequest=jZBBa4QwEIXv%2Bysk99UYE2OCuiz0stBe2tJDL0vUERc02sxY%2BvMbthR6LAPDMO%2FxzWPq09cyJ58Q8Lb6huUpZ6f2UJ93mvwzfOyAlESHx4btwdvV4Q2tdwugpd6%2BnJ8erUi53cJKa7%2FOLHn7RcU1Sy4PDbsKB0pANQ5gehi4KotKx0GNfSxQpnNaCCg7acToZGHUIHmnSxirUeei1xGDuMPFIzlPkcxzc%2BTqyM0rL22urRTvrK3vpvCftA4RAsWUrJ2INrRZhm6ZU5oCONr2GSH1QLaSsrgr93aN4rzU2c%2Bdts7%2BPqk9fAM%3D&RelayState=cmVhPWU2NzgzNzRlYWMzY2NlNDc0YzAwOTU2N2Q2OGI3OGFiLA%3D%3D&client-request-id=5e3cdb15-d27b-486f-63f6-008000000044" "Mozilla/5.0 (Windows NT 10.0; WOW64; Trident/7.0; rv:11.0) like Gecko"
98.158.248.52 - - [09/May/2019:10:12:06 +0300] "GET /training/continental/python/exercitii/md5.py HTTP/1.1" 200 134 "http://memiq.ro/training/continental/python/exercitii/" "Mozilla/5.0 (Windows NT 10.0; WOW64; Trident/7.0; rv:11.0) like Gecko"
98.158.248.52 - - [09/May/2019:10:12:09 +0300] "GET /training/continental/python/exercitii/jsonExample.py HTTP/1.1" 200 245 "http://memiq.ro/training/continental/python/exercitii/" "Mozilla/5.0 (Windows NT 10.0; WOW64; Trident/7.0; rv:11.0) like Gecko"
98.158.248.52 - - [09/May/2019:10:15:58 +0300] "GET /training/continental/python/exercitii/ HTTP/1.1" 200 3639 "https://adfs.contiwan.com/adfs/ls/wia?SAMLRequest=jZBBa4QwEIXv%2Bysk99UYE2OCuiz0stBe2tJDL0vUERc02sxY%2BvMbthR6LAPDMO%2FxzWPq09cyJ58Q8Lb6huUpZ6f2UJ93mvwzfOyAlESHx4btwdvV4Q2tdwugpd6%2BnJ8erUi53cJKa7%2FOLHn7RcU1Sy4PDbsKB0pANQ5gehi4KotKx0GNfSxQpnNaCCg7acToZGHUIHmnSxirUeei1xGDuMPFIzlPkcxzc%2BTqyM0rL22urRTvrK3vpvCftA4RAsWUrJ2INrRZhm6ZU5oCONr2GSH1QLaSsrgr93aN4rzU2c%2Bdts7%2BPqk9fAM%3D&RelayState=cmVhPWU2NzgzNzRlYWMzY2NlNDc0YzAwOTU2N2Q2OGI3OGFiLA%3D%3D&client-request-id=5e3cdb15-d27b-486f-63f6-008000000044" "Mozilla/5.0 (Windows NT 10.0; WOW64; Trident/7.0; rv:11.0) like Gecko"
98.158.248.52 - - [09/May/2019:10:16:04 +0300] "GET /training/continental/python/exercitii/carteTelefoane_Marian.rar HTTP/1.1" 200 1772 "http://memiq.ro/training/continental/python/exercitii/" "Mozilla/5.0 (Windows NT 10.0; WOW64; Trident/7.0; rv:11.0) like Gecko"
98.158.248.52 - - [09/May/2019:10:16:16 +0300] "GET /training/continental/python/exercitii/carteTelefoane_Radu.rar HTTP/1.1" 200 1361 "http://memiq.ro/training/continental/python/exercitii/" "Mozilla/5.0 (Windows NT 10.0; WOW64; Trident/7.0; rv:11.0) like Gecko"
98.158.248.52 - - [09/May/2019:10:16:22 +0300] "GET /training/continental/python/exercitii/carteTelefoane_Vladimir.rar HTTP/1.1" 200 1408 "http://memiq.ro/training/continental/python/exercitii/" "Mozilla/5.0 (Windows NT 10.0; WOW64; Trident/7.0; rv:11.0) like Gecko"
98.158.248.52 - - [09/May/2019:10:25:43 +0300] "GET /training/continental/python/exercitii/ HTTP/1.1" 200 3639 "-" "Mozilla/5.0 (Windows NT 10.0; WOW64; Trident/7.0; rv:11.0) like Gecko"
98.158.248.52 - - [09/May/2019:10:25:45 +0300] "GET /training/continental/python/exercitii/carteTelefoane_Marian.rar HTTP/1.1" 200 1772 "http://memiq.ro/training/continental/python/exercitii/" "Mozilla/5.0 (Windows NT 10.0; WOW64; Trident/7.0; rv:11.0) like Gecko"
98.158.248.52 - - [09/May/2019:10:25:48 +0300] "GET /training/continental/python/exercitii/carteTelefoane_Radu.rar HTTP/1.1" 200 1361 "http://memiq.ro/training/continental/python/exercitii/" "Mozilla/5.0 (Windows NT 10.0; WOW64; Trident/7.0; rv:11.0) like Gecko"
98.158.248.52 - - [09/May/2019:10:25:49 +0300] "GET /training/continental/python/exercitii/carteTelefoane_Vladimir.rar HTTP/1.1" 200 1408 "http://memiq.ro/training/continental/python/exercitii/" "Mozilla/5.0 (Windows NT 10.0; WOW64; Trident/7.0; rv:11.0) like Gecko"
98.158.248.82 - - [09/May/2019:10:25:59 +0300] "GET /training/continental/python/exercitii/ HTTP/1.1" 200 3639 "-" "Mozilla/5.0 (Windows NT 6.1; Win64; x64) AppleWebKit/537.36 (KHTML, like Gecko) Chrome/73.0.3683.86 Safari/537.36"
98.158.248.82 - - [09/May/2019:10:25:59 +0300] "GET /favicon.ico HTTP/1.1" 200 2438 "http://www.memiq.ro/training/continental/python/exercitii/" "Mozilla/5.0 (Windows NT 6.1; Win64; x64) AppleWebKit/537.36 (KHTML, like Gecko) Chrome/73.0.3683.86 Safari/537.36"
157.55.39.142 - - [09/May/2019:10:26:45 +0300] "GET /download/Descriere%20curs%20-%20Sabloane%20de%20Proiectare%20Java%20Enterprise.pdf HTTP/1.1" 200 93262 "-" "Mozilla/5.0 (iPhone; CPU iPhone OS 7_0 like Mac OS X) AppleWebKit/537.51.1 (KHTML, like Gecko) Version/7.0 Mobile/11A465 Safari/9537.53 (compatible; bingbot/2.0; +http://www.bing.com/bingbot.htm)"
95.65.52.136 - - [09/May/2019:10:29:17 +0300] "GET /download/Descriere%20curs%20-%20Fundamentele%20Java%20Enterprise%20-%20JEE.pdf HTTP/1.1" 200 92231 "https://www.google.com/" "Mozilla/5.0 (Windows NT 10.0; Win64; x64) AppleWebKit/537.36 (KHTML, like Gecko) Chrome/74.0.3729.131 Safari/537.36"
157.55.39.215 - - [09/May/2019:10:31:47 +0300] "GET /EN/trainingServices.shtml HTTP/1.1" 200 10893 "-" "Mozilla/5.0 (compatible; bingbot/2.0; +http://www.bing.com/bingbot.htm)"
157.55.39.36 - - [09/May/2019:11:00:25 +0300] "GET /robots.txt HTTP/1.1" 200 278 "-" "Mozilla/5.0 (compatible; bingbot/2.0; +http://www.bing.com/bingbot.htm)"
157.55.39.215 - - [09/May/2019:11:00:30 +0300] "GET /download/descriere%20curs%20-%20limbajul%20de%20programare%20c++.pdf HTTP/1.1" 404 - "-" "Mozilla/5.0 (iPhone; CPU iPhone OS 7_0 like Mac OS X) AppleWebKit/537.51.1 (KHTML, like Gecko) Version/7.0 Mobile/11A465 Safari/9537.53 (compatible; bingbot/2.0; +http://www.bing.com/bingbot.htm)"
95.65.52.136 - - [09/May/2019:11:00:47 +0300] "GET /favicon.ico HTTP/1.1" 200 2438 "http://www.memiq.ro/download/Descriere%20curs%20-%20Fundamentele%20Java%20Enterprise%20-%20JEE.pdf" "Mozilla/5.0 (Windows NT 10.0; Win64; x64) AppleWebKit/537.36 (KHTML, like Gecko) Chrome/74.0.3729.131 Safari/537.36"
66.249.73.153 - - [09/May/2019:11:01:17 +0300] "GET / HTTP/1.1" 302 217 "-" "Mozilla/5.0 (Linux; Android 6.0.1; Nexus 5X Build/MMB29P) AppleWebKit/537.36 (KHTML, like Gecko) Chrome/41.0.2272.96 Mobile Safari/537.36 (compatible; Googlebot/2.1; +http://www.google.com/bot.html)"
66.249.73.155 - - [09/May/2019:11:01:18 +0300] "GET /EN/home.shtml HTTP/1.1" 200 11449 "-" "Mozilla/5.0 (Linux; Android 6.0.1; Nexus 5X Build/MMB29P) AppleWebKit/537.36 (KHTML, like Gecko) Chrome/41.0.2272.96 Mobile Safari/537.36 (compatible; Googlebot/2.1; +http://www.google.com/bot.html)"
157.55.39.199 - - [09/May/2019:11:29:58 +0300] "GET / HTTP/1.1" 302 213 "-" "Mozilla/5.0 (iPhone; CPU iPhone OS 7_0 like Mac OS X) AppleWebKit/537.51.1 (KHTML, like Gecko) Version/7.0 Mobile/11A465 Safari/9537.53 (compatible; bingbot/2.0; +http://www.bing.com/bingbot.htm)"
157.55.39.199 - - [09/May/2019:11:29:59 +0300] "GET /EN/home.shtml HTTP/1.1" 200 11449 "-" "Mozilla/5.0 (iPhone; CPU iPhone OS 7_0 like Mac OS X) AppleWebKit/537.51.1 (KHTML, like Gecko) Version/7.0 Mobile/11A465 Safari/9537.53 (compatible; bingbot/2.0; +http://www.bing.com/bingbot.htm)"
157.55.39.243 - - [09/May/2019:11:30:17 +0300] "GET /EN/menu/menu.css HTTP/1.1" 200 1820 "-" "Mozilla/5.0 (iPhone; CPU iPhone OS 7_0 like Mac OS X) AppleWebKit/537.51.1 (KHTML, like Gecko) Version/7.0 Mobile/11A465 Safari/9537.53 (compatible; bingbot/2.0; +http://www.bing.com/bingbot.htm)"
157.55.39.243 - - [09/May/2019:11:30:17 +0300] "GET /EN/menu/menu.js HTTP/1.1" 200 11961 "-" "Mozilla/5.0 (iPhone; CPU iPhone OS 7_0 like Mac OS X) AppleWebKit/537.51.1 (KHTML, like Gecko) Version/7.0 Mobile/11A465 Safari/9537.53 (compatible; bingbot/2.0; +http://www.bing.com/bingbot.htm)"
157.55.39.142 - - [09/May/2019:11:30:22 +0300] "GET /EN/include/style.css HTTP/1.1" 200 1650 "-" "Mozilla/5.0 (iPhone; CPU iPhone OS 7_0 like Mac OS X) AppleWebKit/537.51.1 (KHTML, like Gecko) Version/7.0 Mobile/11A465 Safari/9537.53 (compatible; bingbot/2.0; +http://www.bing.com/bingbot.htm)"
157.55.39.142 - - [09/May/2019:11:30:22 +0300] "GET /EN/menu/ie5.js HTTP/1.1" 200 2760 "-" "Mozilla/5.0 (iPhone; CPU iPhone OS 7_0 like Mac OS X) AppleWebKit/537.51.1 (KHTML, like Gecko) Version/7.0 Mobile/11A465 Safari/9537.53 (compatible; bingbot/2.0; +http://www.bing.com/bingbot.htm)"
109.201.154.132 - - [09/May/2019:11:39:32 +0300] "HEAD /EN/home.shtml HTTP/1.1" 200 - "https://uptime.com/memiq.ro" "Mozilla/5.0 (compatible; Uptimebot/1.0; +http://www.uptime.com/uptimebot)"
42.236.10.72 - - [09/May/2019:11:54:07 +0300] "GET / HTTP/1.1" 302 217 "http://www.memiq.ro/" "Mozilla/5.0 (Windows NT 6.1; WOW64) AppleWebKit/537.36 (KHTML, like Gecko) Chrome/50.4.2661.102 Safari/537.36; 360Spider"
42.236.10.72 - - [09/May/2019:11:54:09 +0300] "GET /EN/home.shtml HTTP/1.1" 200 11449 "http://www.memiq.ro/EN/home.shtml" "Mozilla/5.0 (Windows NT 6.1; WOW64) AppleWebKit/537.36 (KHTML, like Gecko) Chrome/50.4.2661.102 Safari/537.36; 360Spider"
213.233.84.232 - - [09/May/2019:12:02:34 +0300] "GET /images/memIQLogo.png HTTP/1.1" 200 9660 "-" "Mozilla/4.0 (compatible; MSIE 7.0; Windows NT 6.2; WOW64; Trident/7.0; .NET4.0C; .NET4.0E; .NET CLR 2.0.50727; .NET CLR 3.0.30729; .NET CLR 3.5.30729; InfoPath.3)"
179.61.154.219 - - [09/May/2019:12:31:11 +0300] "GET / HTTP/1.1" 302 213 "-" "Mozilla/5.0 (Macintosh; Intel Mac OS X 10_12_5) AppleWebKit/537.36 (KHTML, like Gecko) Chrome/58.0.3029.110 Safari/537.36"
179.61.154.219 - - [09/May/2019:12:31:11 +0300] "GET /EN/home.shtml HTTP/1.1" 200 11449 "-" "Mozilla/5.0 (Macintosh; Intel Mac OS X 10_12_5) AppleWebKit/537.36 (KHTML, like Gecko) Chrome/58.0.3029.110 Safari/537.36"
104.42.48.187 - - [09/May/2019:12:39:53 +0300] "HEAD / HTTP/1.0" 302 - "-" "HTTPing v2.5"
185.203.240.129 - - [09/May/2019:12:42:49 +0300] "HEAD / HTTP/1.1" 302 - "https://khorth.com/product/gorehowl-axe-replica-pendant-necklace-grommash-hellscream-inspired-by-warcraft" "Mozilla/7.0 (compatible; MSIE7.00; Windows 2009)"
85.209.89.224 - - [09/May/2019:12:42:50 +0300] "HEAD / HTTP/1.1" 302 - "https://nano-spb.ru" "Mozilla/8.0 (compatible; MSIE7.00; Windows 2002)"
185.203.240.129 - - [09/May/2019:12:42:53 +0300] "HEAD /EN/home.shtml HTTP/1.1" 200 - "https://khorth.com/product/gorehowl-axe-replica-pendant-necklace-grommash-hellscream-inspired-by-warcraft" "Mozilla/7.0 (compatible; MSIE7.00; Windows 2009)"
85.209.89.224 - - [09/May/2019:12:42:54 +0300] "HEAD /EN/home.shtml HTTP/1.1" 200 - "https://nano-spb.ru" "Mozilla/8.0 (compatible; MSIE7.00; Windows 2002)"
85.186.10.55 - - [09/May/2019:13:01:21 +0300] "GET /EN/management.shtml HTTP/1.1" 200 10287 "http://www.google.com/" "Mozilla/5.0 (Linux; Android 8.0.0; ANE-LX1) AppleWebKit/537.36 (KHTML, like Gecko) Chrome/74.0.3729.136 Mobile Safari/537.36"
85.186.10.55 - - [09/May/2019:13:01:21 +0300] "GET /EN/include/style.css HTTP/1.1" 200 1650 "http://www.memiq.ro/EN/management.shtml" "Mozilla/5.0 (Linux; Android 8.0.0; ANE-LX1) AppleWebKit/537.36 (KHTML, like Gecko) Chrome/74.0.3729.136 Mobile Safari/537.36"
85.186.10.55 - - [09/May/2019:13:01:21 +0300] "GET /EN/menu/menu.css HTTP/1.1" 200 1820 "http://www.memiq.ro/EN/management.shtml" "Mozilla/5.0 (Linux; Android 8.0.0; ANE-LX1) AppleWebKit/537.36 (KHTML, like Gecko) Chrome/74.0.3729.136 Mobile Safari/537.36"
85.186.10.55 - - [09/May/2019:13:01:21 +0300] "GET /EN/menu/ie5.js HTTP/1.1" 200 2760 "http://www.memiq.ro/EN/management.shtml" "Mozilla/5.0 (Linux; Android 8.0.0; ANE-LX1) AppleWebKit/537.36 (KHTML, like Gecko) Chrome/74.0.3729.136 Mobile Safari/537.36"
85.186.10.55 - - [09/May/2019:13:01:21 +0300] "GET /images/bg_pixel.gif HTTP/1.1" 200 43 "http://www.memiq.ro/EN/management.shtml" "Mozilla/5.0 (Linux; Android 8.0.0; ANE-LX1) AppleWebKit/537.36 (KHTML, like Gecko) Chrome/74.0.3729.136 Mobile Safari/537.36"
85.186.10.55 - - [09/May/2019:13:01:21 +0300] "GET /EN/menu/menu.js HTTP/1.1" 200 11961 "http://www.memiq.ro/EN/management.shtml" "Mozilla/5.0 (Linux; Android 8.0.0; ANE-LX1) AppleWebKit/537.36 (KHTML, like Gecko) Chrome/74.0.3729.136 Mobile Safari/537.36"
85.186.10.55 - - [09/May/2019:13:01:21 +0300] "GET /images/memIQLogo.png HTTP/1.1" 200 9660 "http://www.memiq.ro/EN/management.shtml" "Mozilla/5.0 (Linux; Android 8.0.0; ANE-LX1) AppleWebKit/537.36 (KHTML, like Gecko) Chrome/74.0.3729.136 Mobile Safari/537.36"
85.186.10.55 - - [09/May/2019:13:01:21 +0300] "GET /images/top-left-corner-gray.gif HTTP/1.1" 200 52 "http://www.memiq.ro/EN/management.shtml" "Mozilla/5.0 (Linux; Android 8.0.0; ANE-LX1) AppleWebKit/537.36 (KHTML, like Gecko) Chrome/74.0.3729.136 Mobile Safari/537.36"
85.186.10.55 - - [09/May/2019:13:01:21 +0300] "GET /images/top-right-corner-gray.gif HTTP/1.1" 200 65 "http://www.memiq.ro/EN/management.shtml" "Mozilla/5.0 (Linux; Android 8.0.0; ANE-LX1) AppleWebKit/537.36 (KHTML, like Gecko) Chrome/74.0.3729.136 Mobile Safari/537.36"
85.186.10.55 - - [09/May/2019:13:01:21 +0300] "GET /images/gray-border-pixel.gif HTTP/1.1" 200 43 "http://www.memiq.ro/EN/management.shtml" "Mozilla/5.0 (Linux; Android 8.0.0; ANE-LX1) AppleWebKit/537.36 (KHTML, like Gecko) Chrome/74.0.3729.136 Mobile Safari/537.36"
85.186.10.55 - - [09/May/2019:13:01:21 +0300] "GET /images/bottom-left-corner.gif HTTP/1.1" 200 51 "http://www.memiq.ro/EN/management.shtml" "Mozilla/5.0 (Linux; Android 8.0.0; ANE-LX1) AppleWebKit/537.36 (KHTML, like Gecko) Chrome/74.0.3729.136 Mobile Safari/537.36"
85.186.10.55 - - [09/May/2019:13:01:21 +0300] "GET /images/spacer.gif HTTP/1.1" 200 43 "http://www.memiq.ro/EN/management.shtml" "Mozilla/5.0 (Linux; Android 8.0.0; ANE-LX1) AppleWebKit/537.36 (KHTML, like Gecko) Chrome/74.0.3729.136 Mobile Safari/537.36"
85.186.10.55 - - [09/May/2019:13:01:21 +0300] "GET /images/gray-header-pixel.gif HTTP/1.1" 200 43 "http://www.memiq.ro/EN/management.shtml" "Mozilla/5.0 (Linux; Android 8.0.0; ANE-LX1) AppleWebKit/537.36 (KHTML, like Gecko) Chrome/74.0.3729.136 Mobile Safari/537.36"
85.186.10.55 - - [09/May/2019:13:01:21 +0300] "GET /images/bottom-right-corner.gif HTTP/1.1" 200 52 "http://www.memiq.ro/EN/management.shtml" "Mozilla/5.0 (Linux; Android 8.0.0; ANE-LX1) AppleWebKit/537.36 (KHTML, like Gecko) Chrome/74.0.3729.136 Mobile Safari/537.36"
85.186.10.55 - - [09/May/2019:13:01:21 +0300] "GET /images/bottom-line2.gif HTTP/1.1" 200 189 "http://www.memiq.ro/EN/management.shtml" "Mozilla/5.0 (Linux; Android 8.0.0; ANE-LX1) AppleWebKit/537.36 (KHTML, like Gecko) Chrome/74.0.3729.136 Mobile Safari/537.36"
85.186.10.55 - - [09/May/2019:13:01:21 +0300] "GET /images/bottom-line1.gif HTTP/1.1" 200 189 "http://www.memiq.ro/EN/management.shtml" "Mozilla/5.0 (Linux; Android 8.0.0; ANE-LX1) AppleWebKit/537.36 (KHTML, like Gecko) Chrome/74.0.3729.136 Mobile Safari/537.36"
85.186.10.55 - - [09/May/2019:13:01:22 +0300] "GET /EN/include/memiq.ico HTTP/1.1" 200 2438 "http://www.memiq.ro/EN/management.shtml" "Mozilla/5.0 (Linux; Android 8.0.0; ANE-LX1) AppleWebKit/537.36 (KHTML, like Gecko) Chrome/74.0.3729.136 Mobile Safari/537.36"
85.186.10.55 - - [09/May/2019:13:02:11 +0300] "GET /EN/management.shtml HTTP/1.1" 200 10287 "http://www.google.com/" "Mozilla/5.0 (Linux; Android 8.0.0; ANE-LX1) AppleWebKit/537.36 (KHTML, like Gecko) Chrome/74.0.3729.136 Mobile Safari/537.36"
85.186.10.55 - - [09/May/2019:13:02:12 +0300] "GET /EN/include/memiq.ico HTTP/1.1" 200 2438 "http://www.memiq.ro/EN/management.shtml" "Mozilla/5.0 (Linux; Android 8.0.0; ANE-LX1) AppleWebKit/537.36 (KHTML, like Gecko) Chrome/74.0.3729.136 Mobile Safari/537.36"
98.158.248.52 - - [09/May/2019:13:02:32 +0300] "GET /training/continental/python/exercitii/ HTTP/1.1" 200 3817 "-" "Mozilla/5.0 (Windows NT 10.0; WOW64; Trident/7.0; rv:11.0) like Gecko"
98.158.248.52 - - [09/May/2019:13:02:38 +0300] "GET /training/continental/python/exercitii/Editor.rar HTTP/1.1" 200 1140 "http://memiq.ro/training/continental/python/exercitii/" "Mozilla/5.0 (Windows NT 10.0; WOW64; Trident/7.0; rv:11.0) like Gecko"
34.221.203.151 - - [09/May/2019:13:36:49 +0300] "GET / HTTP/1.1" 302 217 "-" "Mozilla/5.0 (Windows NT 6.1; Win64; x64) AppleWebKit/537.36 (KHTML, like Gecko) Chrome/72.0.3626.109 Safari/537.36"
34.221.203.151 - - [09/May/2019:13:36:49 +0300] "GET /EN/home.shtml HTTP/1.1" 200 11449 "-" "Mozilla/5.0 (Windows NT 6.1; Win64; x64) AppleWebKit/537.36 (KHTML, like Gecko) Chrome/72.0.3626.109 Safari/537.36"
34.74.0.145 - - [09/May/2019:13:43:33 +0300] "GET /robots.txt HTTP/1.0" 200 278 "-" "ZoominfoBot (zoominfobot at zoominfo dot com)"
34.74.0.145 - - [09/May/2019:13:43:33 +0300] "GET / HTTP/1.0" 302 217 "-" "ZoominfoBot (zoominfobot at zoominfo dot com)"
34.74.0.145 - - [09/May/2019:13:43:34 +0300] "GET /EN/home.shtml HTTP/1.0" 200 11449 "-" "ZoominfoBot (zoominfobot at zoominfo dot com)"
34.74.0.145 - - [09/May/2019:13:43:48 +0300] "GET /robots.txt HTTP/1.0" 200 278 "-" "ZoominfoBot (zoominfobot at zoominfo dot com)"
34.74.0.145 - - [09/May/2019:13:43:48 +0300] "GET / HTTP/1.0" 302 213 "-" "ZoominfoBot (zoominfobot at zoominfo dot com)"
34.74.0.145 - - [09/May/2019:13:43:49 +0300] "GET /EN/home.shtml HTTP/1.0" 200 11449 "-" "ZoominfoBot (zoominfobot at zoominfo dot com)"
98.158.248.48 - - [09/May/2019:14:02:55 +0300] "GET /training/continental/python/exercitii/ HTTP/1.1" 200 3817 "http://www.memiq.ro/training/continental/python/" "Mozilla/5.0 (Windows NT 10.0; Win64; x64) AppleWebKit/537.36 (KHTML, like Gecko) Chrome/74.0.3729.131 Safari/537.36"
98.158.248.48 - - [09/May/2019:14:24:10 +0300] "GET /training/continental/python/exercitii/ HTTP/1.1" 200 3817 "-" "Mozilla/5.0 (Windows NT 10.0; Win64; x64) AppleWebKit/537.36 (KHTML, like Gecko) Chrome/74.0.3729.131 Safari/537.36"
157.55.39.243 - - [09/May/2019:14:27:17 +0300] "GET /EN/social.shtml HTTP/1.1" 200 13756 "-" "Mozilla/5.0 (compatible; bingbot/2.0; +http://www.bing.com/bingbot.htm)"
98.158.248.52 - - [09/May/2019:14:31:57 +0300] "GET /training/continental/python/exercitii/ HTTP/1.1" 200 3817 "-" "Mozilla/5.0 (Windows NT 10.0; WOW64; Trident/7.0; rv:11.0) like Gecko"
98.158.248.52 - - [09/May/2019:14:32:02 +0300] "GET /training/continental/python/exercitii/Editor.rar HTTP/1.1" 200 1140 "http://memiq.ro/training/continental/python/exercitii/" "Mozilla/5.0 (Windows NT 10.0; WOW64; Trident/7.0; rv:11.0) like Gecko"
157.55.39.199 - - [09/May/2019:14:32:38 +0300] "GET / HTTP/1.1" 302 217 "-" "Mozilla/5.0 (iPhone; CPU iPhone OS 7_0 like Mac OS X) AppleWebKit/537.51.1 (KHTML, like Gecko) Version/7.0 Mobile/11A465 Safari/9537.53 (compatible; bingbot/2.0; +http://www.bing.com/bingbot.htm)"
157.55.39.199 - - [09/May/2019:14:32:39 +0300] "GET /EN/home.shtml HTTP/1.1" 200 11449 "-" "Mozilla/5.0 (iPhone; CPU iPhone OS 7_0 like Mac OS X) AppleWebKit/537.51.1 (KHTML, like Gecko) Version/7.0 Mobile/11A465 Safari/9537.53 (compatible; bingbot/2.0; +http://www.bing.com/bingbot.htm)"
40.77.193.206 - - [09/May/2019:14:32:41 +0300] "GET /images/gray-border-pixel.gif HTTP/1.1" 200 43 "http://www.memiq.ro/EN/home.shtml" "Mozilla/5.0 (iPhone; CPU iPhone OS 7_0 like Mac OS X) AppleWebKit/537.51.1 (KHTML, like Gecko) Version/7.0 Mobile/11A465 Safari/9537.53 BingPreview/1.0b"
40.77.193.206 - - [09/May/2019:14:32:41 +0300] "GET /images/memIQLogo.png HTTP/1.1" 200 9660 "http://www.memiq.ro/EN/home.shtml" "Mozilla/5.0 (iPhone; CPU iPhone OS 7_0 like Mac OS X) AppleWebKit/537.51.1 (KHTML, like Gecko) Version/7.0 Mobile/11A465 Safari/9537.53 BingPreview/1.0b"
40.77.193.206 - - [09/May/2019:14:32:41 +0300] "GET /images/bg_pixel.gif HTTP/1.1" 200 43 "http://www.memiq.ro/EN/home.shtml" "Mozilla/5.0 (iPhone; CPU iPhone OS 7_0 like Mac OS X) AppleWebKit/537.51.1 (KHTML, like Gecko) Version/7.0 Mobile/11A465 Safari/9537.53 BingPreview/1.0b"
40.77.193.206 - - [09/May/2019:14:32:41 +0300] "GET /images/top-left-corner-gray.gif HTTP/1.1" 200 52 "http://www.memiq.ro/EN/home.shtml" "Mozilla/5.0 (iPhone; CPU iPhone OS 7_0 like Mac OS X) AppleWebKit/537.51.1 (KHTML, like Gecko) Version/7.0 Mobile/11A465 Safari/9537.53 BingPreview/1.0b"
40.77.193.206 - - [09/May/2019:14:32:41 +0300] "GET /images/spacer.gif HTTP/1.1" 200 43 "http://www.memiq.ro/EN/home.shtml" "Mozilla/5.0 (iPhone; CPU iPhone OS 7_0 like Mac OS X) AppleWebKit/537.51.1 (KHTML, like Gecko) Version/7.0 Mobile/11A465 Safari/9537.53 BingPreview/1.0b"
40.77.193.206 - - [09/May/2019:14:32:41 +0300] "GET /images/top-right-corner-gray.gif HTTP/1.1" 200 65 "http://www.memiq.ro/EN/home.shtml" "Mozilla/5.0 (iPhone; CPU iPhone OS 7_0 like Mac OS X) AppleWebKit/537.51.1 (KHTML, like Gecko) Version/7.0 Mobile/11A465 Safari/9537.53 BingPreview/1.0b"
40.77.193.206 - - [09/May/2019:14:32:41 +0300] "GET /images/gray-header-pixel.gif HTTP/1.1" 200 43 "http://www.memiq.ro/EN/home.shtml" "Mozilla/5.0 (iPhone; CPU iPhone OS 7_0 like Mac OS X) AppleWebKit/537.51.1 (KHTML, like Gecko) Version/7.0 Mobile/11A465 Safari/9537.53 BingPreview/1.0b"
40.77.193.206 - - [09/May/2019:14:32:41 +0300] "GET /images/home.png HTTP/1.1" 200 7556 "http://www.memiq.ro/EN/home.shtml" "Mozilla/5.0 (iPhone; CPU iPhone OS 7_0 like Mac OS X) AppleWebKit/537.51.1 (KHTML, like Gecko) Version/7.0 Mobile/11A465 Safari/9537.53 BingPreview/1.0b"
40.77.193.206 - - [09/May/2019:14:32:41 +0300] "GET /images/bottom-line1.gif HTTP/1.1" 200 189 "http://www.memiq.ro/EN/home.shtml" "Mozilla/5.0 (iPhone; CPU iPhone OS 7_0 like Mac OS X) AppleWebKit/537.51.1 (KHTML, like Gecko) Version/7.0 Mobile/11A465 Safari/9537.53 BingPreview/1.0b"
40.77.193.206 - - [09/May/2019:14:32:41 +0300] "GET /images/memiqHome.jpg HTTP/1.1" 200 47773 "http://www.memiq.ro/EN/home.shtml" "Mozilla/5.0 (iPhone; CPU iPhone OS 7_0 like Mac OS X) AppleWebKit/537.51.1 (KHTML, like Gecko) Version/7.0 Mobile/11A465 Safari/9537.53 BingPreview/1.0b"
40.77.193.206 - - [09/May/2019:14:32:41 +0300] "GET /images/bottom-left-corner.gif HTTP/1.1" 200 51 "http://www.memiq.ro/EN/home.shtml" "Mozilla/5.0 (iPhone; CPU iPhone OS 7_0 like Mac OS X) AppleWebKit/537.51.1 (KHTML, like Gecko) Version/7.0 Mobile/11A465 Safari/9537.53 BingPreview/1.0b"
40.77.193.206 - - [09/May/2019:14:32:41 +0300] "GET /images/bottom-right-corner.gif HTTP/1.1" 200 52 "http://www.memiq.ro/EN/home.shtml" "Mozilla/5.0 (iPhone; CPU iPhone OS 7_0 like Mac OS X) AppleWebKit/537.51.1 (KHTML, like Gecko) Version/7.0 Mobile/11A465 Safari/9537.53 BingPreview/1.0b"
40.77.193.206 - - [09/May/2019:14:32:42 +0300] "GET /images/bottom-line2.gif HTTP/1.1" 200 189 "http://www.memiq.ro/EN/home.shtml" "Mozilla/5.0 (iPhone; CPU iPhone OS 7_0 like Mac OS X) AppleWebKit/537.51.1 (KHTML, like Gecko) Version/7.0 Mobile/11A465 Safari/9537.53 BingPreview/1.0b"
98.158.251.169 - - [09/May/2019:14:35:59 +0300] "GET / HTTP/1.1" 302 213 "-" "Mozilla/5.0 (Windows NT 6.1; Win64; x64) AppleWebKit/537.36 (KHTML, like Gecko) Chrome/74.0.3729.131 Safari/537.36"
98.158.251.169 - - [09/May/2019:14:35:59 +0300] "GET /EN/home.shtml HTTP/1.1" 200 11449 "-" "Mozilla/5.0 (Windows NT 6.1; Win64; x64) AppleWebKit/537.36 (KHTML, like Gecko) Chrome/74.0.3729.131 Safari/537.36"
98.158.251.169 - - [09/May/2019:14:35:59 +0300] "GET /EN/include/style.css HTTP/1.1" 200 1650 "http://memiq.ro/EN/home.shtml" "Mozilla/5.0 (Windows NT 6.1; Win64; x64) AppleWebKit/537.36 (KHTML, like Gecko) Chrome/74.0.3729.131 Safari/537.36"
98.158.251.169 - - [09/May/2019:14:35:59 +0300] "GET /EN/menu/menu.css HTTP/1.1" 200 1820 "http://memiq.ro/EN/home.shtml" "Mozilla/5.0 (Windows NT 6.1; Win64; x64) AppleWebKit/537.36 (KHTML, like Gecko) Chrome/74.0.3729.131 Safari/537.36"
98.158.251.169 - - [09/May/2019:14:35:59 +0300] "GET /EN/menu/menu.js HTTP/1.1" 200 11961 "http://memiq.ro/EN/home.shtml" "Mozilla/5.0 (Windows NT 6.1; Win64; x64) AppleWebKit/537.36 (KHTML, like Gecko) Chrome/74.0.3729.131 Safari/537.36"
98.158.251.169 - - [09/May/2019:14:35:59 +0300] "GET /EN/menu/ie5.js HTTP/1.1" 200 2760 "http://memiq.ro/EN/home.shtml" "Mozilla/5.0 (Windows NT 6.1; Win64; x64) AppleWebKit/537.36 (KHTML, like Gecko) Chrome/74.0.3729.131 Safari/537.36"
98.158.251.169 - - [09/May/2019:14:35:59 +0300] "GET /images/memIQLogo.png HTTP/1.1" 200 9660 "http://memiq.ro/EN/home.shtml" "Mozilla/5.0 (Windows NT 6.1; Win64; x64) AppleWebKit/537.36 (KHTML, like Gecko) Chrome/74.0.3729.131 Safari/537.36"
98.158.251.169 - - [09/May/2019:14:35:59 +0300] "GET /images/bg_pixel.gif HTTP/1.1" 200 43 "http://memiq.ro/EN/home.shtml" "Mozilla/5.0 (Windows NT 6.1; Win64; x64) AppleWebKit/537.36 (KHTML, like Gecko) Chrome/74.0.3729.131 Safari/537.36"
98.158.251.169 - - [09/May/2019:14:35:59 +0300] "GET /images/top-left-corner-gray.gif HTTP/1.1" 200 52 "http://memiq.ro/EN/home.shtml" "Mozilla/5.0 (Windows NT 6.1; Win64; x64) AppleWebKit/537.36 (KHTML, like Gecko) Chrome/74.0.3729.131 Safari/537.36"
98.158.251.169 - - [09/May/2019:14:35:59 +0300] "GET /images/home.png HTTP/1.1" 200 7556 "http://memiq.ro/EN/home.shtml" "Mozilla/5.0 (Windows NT 6.1; Win64; x64) AppleWebKit/537.36 (KHTML, like Gecko) Chrome/74.0.3729.131 Safari/537.36"
98.158.251.169 - - [09/May/2019:14:35:59 +0300] "GET /images/top-right-corner-gray.gif HTTP/1.1" 200 65 "http://memiq.ro/EN/home.shtml" "Mozilla/5.0 (Windows NT 6.1; Win64; x64) AppleWebKit/537.36 (KHTML, like Gecko) Chrome/74.0.3729.131 Safari/537.36"
98.158.251.169 - - [09/May/2019:14:35:59 +0300] "GET /images/spacer.gif HTTP/1.1" 200 43 "http://memiq.ro/EN/home.shtml" "Mozilla/5.0 (Windows NT 6.1; Win64; x64) AppleWebKit/537.36 (KHTML, like Gecko) Chrome/74.0.3729.131 Safari/537.36"
98.158.251.169 - - [09/May/2019:14:35:59 +0300] "GET /images/gray-border-pixel.gif HTTP/1.1" 200 43 "http://memiq.ro/EN/home.shtml" "Mozilla/5.0 (Windows NT 6.1; Win64; x64) AppleWebKit/537.36 (KHTML, like Gecko) Chrome/74.0.3729.131 Safari/537.36"
98.158.251.169 - - [09/May/2019:14:35:59 +0300] "GET /images/gray-header-pixel.gif HTTP/1.1" 200 43 "http://memiq.ro/EN/home.shtml" "Mozilla/5.0 (Windows NT 6.1; Win64; x64) AppleWebKit/537.36 (KHTML, like Gecko) Chrome/74.0.3729.131 Safari/537.36"
98.158.251.169 - - [09/May/2019:14:35:59 +0300] "GET /images/memiqHome.jpg HTTP/1.1" 200 47773 "http://memiq.ro/EN/home.shtml" "Mozilla/5.0 (Windows NT 6.1; Win64; x64) AppleWebKit/537.36 (KHTML, like Gecko) Chrome/74.0.3729.131 Safari/537.36"
98.158.251.169 - - [09/May/2019:14:35:59 +0300] "GET /images/bottom-left-corner.gif HTTP/1.1" 200 51 "http://memiq.ro/EN/home.shtml" "Mozilla/5.0 (Windows NT 6.1; Win64; x64) AppleWebKit/537.36 (KHTML, like Gecko) Chrome/74.0.3729.131 Safari/537.36"
98.158.251.169 - - [09/May/2019:14:35:59 +0300] "GET /images/bottom-right-corner.gif HTTP/1.1" 200 52 "http://memiq.ro/EN/home.shtml" "Mozilla/5.0 (Windows NT 6.1; Win64; x64) AppleWebKit/537.36 (KHTML, like Gecko) Chrome/74.0.3729.131 Safari/537.36"
98.158.251.169 - - [09/May/2019:14:35:59 +0300] "GET /images/bottom-line2.gif HTTP/1.1" 200 189 "http://memiq.ro/EN/home.shtml" "Mozilla/5.0 (Windows NT 6.1; Win64; x64) AppleWebKit/537.36 (KHTML, like Gecko) Chrome/74.0.3729.131 Safari/537.36"
98.158.251.169 - - [09/May/2019:14:35:59 +0300] "GET /images/bottom-line1.gif HTTP/1.1" 200 189 "http://memiq.ro/EN/home.shtml" "Mozilla/5.0 (Windows NT 6.1; Win64; x64) AppleWebKit/537.36 (KHTML, like Gecko) Chrome/74.0.3729.131 Safari/537.36"
98.158.251.169 - - [09/May/2019:14:36:00 +0300] "GET /EN/include/memiq.ico HTTP/1.1" 200 2438 "http://memiq.ro/EN/home.shtml" "Mozilla/5.0 (Windows NT 6.1; Win64; x64) AppleWebKit/537.36 (KHTML, like Gecko) Chrome/74.0.3729.131 Safari/537.36"
98.158.251.169 - - [09/May/2019:14:36:07 +0300] "GET /EN/training.shtml HTTP/1.1" 200 11020 "http://memiq.ro/EN/home.shtml" "Mozilla/5.0 (Windows NT 6.1; Win64; x64) AppleWebKit/537.36 (KHTML, like Gecko) Chrome/74.0.3729.131 Safari/537.36"
98.158.251.169 - - [09/May/2019:14:36:29 +0300] "GET / HTTP/1.1" 302 217 "-" "Mozilla/5.0 (Windows NT 6.1; Win64; x64) AppleWebKit/537.36 (KHTML, like Gecko) Chrome/74.0.3729.131 Safari/537.36"
98.158.251.169 - - [09/May/2019:14:36:30 +0300] "GET /EN/home.shtml HTTP/1.1" 200 11449 "-" "Mozilla/5.0 (Windows NT 6.1; Win64; x64) AppleWebKit/537.36 (KHTML, like Gecko) Chrome/74.0.3729.131 Safari/537.36"
98.158.251.169 - - [09/May/2019:14:36:30 +0300] "GET /EN/menu/menu.css HTTP/1.1" 200 1820 "http://www.memiq.ro/EN/home.shtml" "Mozilla/5.0 (Windows NT 6.1; Win64; x64) AppleWebKit/537.36 (KHTML, like Gecko) Chrome/74.0.3729.131 Safari/537.36"
98.158.251.169 - - [09/May/2019:14:36:30 +0300] "GET /EN/include/style.css HTTP/1.1" 200 1650 "http://www.memiq.ro/EN/home.shtml" "Mozilla/5.0 (Windows NT 6.1; Win64; x64) AppleWebKit/537.36 (KHTML, like Gecko) Chrome/74.0.3729.131 Safari/537.36"
98.158.251.169 - - [09/May/2019:14:36:30 +0300] "GET /EN/menu/menu.js HTTP/1.1" 200 11961 "http://www.memiq.ro/EN/home.shtml" "Mozilla/5.0 (Windows NT 6.1; Win64; x64) AppleWebKit/537.36 (KHTML, like Gecko) Chrome/74.0.3729.131 Safari/537.36"
98.158.251.169 - - [09/May/2019:14:36:30 +0300] "GET /EN/menu/ie5.js HTTP/1.1" 200 2760 "http://www.memiq.ro/EN/home.shtml" "Mozilla/5.0 (Windows NT 6.1; Win64; x64) AppleWebKit/537.36 (KHTML, like Gecko) Chrome/74.0.3729.131 Safari/537.36"
98.158.251.169 - - [09/May/2019:14:36:30 +0300] "GET /images/memIQLogo.png HTTP/1.1" 200 9660 "http://www.memiq.ro/EN/home.shtml" "Mozilla/5.0 (Windows NT 6.1; Win64; x64) AppleWebKit/537.36 (KHTML, like Gecko) Chrome/74.0.3729.131 Safari/537.36"
98.158.251.169 - - [09/May/2019:14:36:30 +0300] "GET /images/bg_pixel.gif HTTP/1.1" 200 43 "http://www.memiq.ro/EN/home.shtml" "Mozilla/5.0 (Windows NT 6.1; Win64; x64) AppleWebKit/537.36 (KHTML, like Gecko) Chrome/74.0.3729.131 Safari/537.36"
98.158.248.82 - - [09/May/2019:14:37:20 +0300] "GET /training/continental/python/exercitii/ HTTP/1.1" 200 4187 "-" "Mozilla/5.0 (Windows NT 6.1; Win64; x64) AppleWebKit/537.36 (KHTML, like Gecko) Chrome/73.0.3683.86 Safari/537.36"
98.158.248.82 - - [09/May/2019:14:37:36 +0300] "GET /training/continental/python/exercitii/Editor_Vladimir.py HTTP/1.1" 200 2104 "http://www.memiq.ro/training/continental/python/exercitii/" "Mozilla/5.0 (Windows NT 6.1; Win64; x64) AppleWebKit/537.36 (KHTML, like Gecko) Chrome/73.0.3683.86 Safari/537.36"
98.158.248.52 - - [09/May/2019:14:46:12 +0300] "GET /training/continental/python/exercitii/ HTTP/1.1" 200 4187 "https://adfs.contiwan.com/adfs/ls/?SAMLRequest=jZDNasMwEITveQqje2z9WI4lbIdAL4H20pYeegmys8IBW3a169LHr0gp9NjLHHaGb4Ztjl%2FzlH1CxNsSWiZyzo7drjltNIZn%2BNgAKUuJgC3bYrCLwxva4GZAS4N9OT09Wplzu8aFlmGZWPb2i0pnlp0fWnapnK5030PtpVdamauEqwchDqXmUomqr3pfu8EY7o1QTnmhhoPuS%2BF9rXVpEgZxg3NAcoESmQuz53rPzasQVgkr5Tvrmnso%2FmetQ4RIaSXrRqIVbVGgm6ecxgiO1m1CyAOQrctS3Z27XJI5zU3x09M1xd8ndbtv&RelayState=cmVhPTg5NjdlM2E1MmVjZDg4NGM1MjQ5MjhkODg4NTc0NmRlLA%3D%3D" "Mozilla/5.0 (Windows NT 10.0; WOW64; Trident/7.0; rv:11.0) like Gecko"
98.158.248.52 - - [09/May/2019:14:47:05 +0300] "GET /training/continental/python/exercitii/Editor_Marian.py HTTP/1.1" 200 1818 "http://memiq.ro/training/continental/python/exercitii/" "Mozilla/5.0 (Windows NT 10.0; WOW64; Trident/7.0; rv:11.0) like Gecko"
98.158.248.52 - - [09/May/2019:14:47:32 +0300] "GET /training/continental/python/exercitii/Editor_Vladimir.py HTTP/1.1" 200 2104 "http://memiq.ro/training/continental/python/exercitii/" "Mozilla/5.0 (Windows NT 10.0; WOW64; Trident/7.0; rv:11.0) like Gecko"
157.55.39.199 - - [09/May/2019:14:50:32 +0300] "GET / HTTP/1.1" 302 217 "-" "Mozilla/5.0 (compatible; bingbot/2.0; +http://www.bing.com/bingbot.htm)"
34.73.96.141 - - [09/May/2019:15:05:19 +0300] "GET /robots.txt HTTP/1.0" 200 278 "-" "ZoominfoBot (zoominfobot at zoominfo dot com)"
34.73.96.141 - - [09/May/2019:15:05:20 +0300] "GET / HTTP/1.0" 302 217 "-" "ZoominfoBot (zoominfobot at zoominfo dot com)"
34.73.96.141 - - [09/May/2019:15:05:20 +0300] "GET /EN/home.shtml HTTP/1.0" 200 11449 "-" "ZoominfoBot (zoominfobot at zoominfo dot com)"
34.73.96.141 - - [09/May/2019:15:05:33 +0300] "GET /robots.txt HTTP/1.0" 200 278 "-" "ZoominfoBot (zoominfobot at zoominfo dot com)"
34.73.96.141 - - [09/May/2019:15:05:33 +0300] "GET / HTTP/1.0" 302 213 "-" "ZoominfoBot (zoominfobot at zoominfo dot com)"
34.73.96.141 - - [09/May/2019:15:05:33 +0300] "GET /EN/home.shtml HTTP/1.0" 200 11449 "-" "ZoominfoBot (zoominfobot at zoominfo dot com)"
157.55.39.243 - - [09/May/2019:15:07:01 +0300] "GET /download/Course%20-%20OOP.pdf HTTP/1.1" 200 70306 "-" "Mozilla/5.0 (compatible; bingbot/2.0; +http://www.bing.com/bingbot.htm)"
157.55.39.199 - - [09/May/2019:15:27:48 +0300] "GET /EN/formular.shtml HTTP/1.1" 200 8962 "-" "Mozilla/5.0 (compatible; bingbot/2.0; +http://www.bing.com/bingbot.htm)"
98.158.248.82 - - [09/May/2019:15:36:06 +0300] "GET /training/continental/python/exercitii/ HTTP/1.1" 200 4187 "-" "Mozilla/5.0 (Windows NT 6.1; Win64; x64) AppleWebKit/537.36 (KHTML, like Gecko) Chrome/73.0.3683.86 Safari/537.36"
98.158.248.82 - - [09/May/2019:15:36:06 +0300] "GET /favicon.ico HTTP/1.1" 200 2438 "http://www.memiq.ro/training/continental/python/exercitii/" "Mozilla/5.0 (Windows NT 6.1; Win64; x64) AppleWebKit/537.36 (KHTML, like Gecko) Chrome/73.0.3683.86 Safari/537.36"
98.158.248.82 - - [09/May/2019:15:36:10 +0300] "GET /training/continental/python/exercitii/ HTTP/1.1" 200 4187 "-" "Mozilla/5.0 (Windows NT 6.1; Win64; x64) AppleWebKit/537.36 (KHTML, like Gecko) Chrome/73.0.3683.86 Safari/537.36"
98.158.248.82 - - [09/May/2019:15:36:10 +0300] "GET /favicon.ico HTTP/1.1" 200 2438 "http://www.memiq.ro/training/continental/python/exercitii/" "Mozilla/5.0 (Windows NT 6.1; Win64; x64) AppleWebKit/537.36 (KHTML, like Gecko) Chrome/73.0.3683.86 Safari/537.36"
98.158.248.82 - - [09/May/2019:15:36:21 +0300] "GET /training/continental/python/exercitii/Editor.rar HTTP/1.1" 200 1140 "http://www.memiq.ro/training/continental/python/exercitii/" "Mozilla/5.0 (Windows NT 6.1; Win64; x64) AppleWebKit/537.36 (KHTML, like Gecko) Chrome/73.0.3683.86 Safari/537.36"
98.158.248.82 - - [09/May/2019:15:37:12 +0300] "GET /training/continental/python/exercitii/carteTelefoane_Radu.rar HTTP/1.1" 200 1361 "http://www.memiq.ro/training/continental/python/exercitii/" "Mozilla/5.0 (Windows NT 6.1; Win64; x64) AppleWebKit/537.36 (KHTML, like Gecko) Chrome/73.0.3683.86 Safari/537.36"
40.77.167.136 - - [09/May/2019:16:00:08 +0300] "GET /download/Descriere%20curs%20-%20Programare%20WPF.pdf HTTP/1.1" 304 - "-" "Mozilla/5.0 (compatible; bingbot/2.0; +http://www.bing.com/bingbot.htm)"
103.131.71.143 - - [09/May/2019:17:11:01 +0300] "GET /robots.txt HTTP/1.1" 200 278 "-" "Mozilla/5.0 (compatible; coccocbot-web/1.0; +http://help.coccoc.com/searchengine)"
103.131.71.126 - - [09/May/2019:17:11:04 +0300] "GET /download/Course%20-%20Java%20Enterprise%20Design%20Patterns.pdf HTTP/1.1" 304 - "-" "Mozilla/5.0 (compatible; coccocbot-web/1.0; +http://help.coccoc.com/searchengine)"
195.81.74.108 - - [09/May/2019:17:34:49 +0300] "GET /download/Descriere%20curs%20-%20Fundamentele%20Python%203.pdf HTTP/1.1" 200 91042 "https://www.google.com/" "Mozilla/5.0 (Windows NT 10.0; Win64; x64) AppleWebKit/537.36 (KHTML, like Gecko) Chrome/74.0.3729.131 Safari/537.36"
195.81.74.108 - - [09/May/2019:17:34:52 +0300] "GET /favicon.ico HTTP/1.1" 200 2438 "http://www.memiq.ro/download/Descriere%20curs%20-%20Fundamentele%20Python%203.pdf" "Mozilla/5.0 (Windows NT 10.0; Win64; x64) AppleWebKit/537.36 (KHTML, like Gecko) Chrome/74.0.3729.131 Safari/537.36"
195.81.74.108 - - [09/May/2019:17:35:28 +0300] "GET / HTTP/1.1" 302 217 "-" "Mozilla/5.0 (Windows NT 10.0; Win64; x64) AppleWebKit/537.36 (KHTML, like Gecko) Chrome/74.0.3729.131 Safari/537.36"
195.81.74.108 - - [09/May/2019:17:35:28 +0300] "GET /EN/home.shtml HTTP/1.1" 200 11449 "-" "Mozilla/5.0 (Windows NT 10.0; Win64; x64) AppleWebKit/537.36 (KHTML, like Gecko) Chrome/74.0.3729.131 Safari/537.36"
195.81.74.108 - - [09/May/2019:17:35:28 +0300] "GET /EN/include/style.css HTTP/1.1" 200 1650 "http://www.memiq.ro/EN/home.shtml" "Mozilla/5.0 (Windows NT 10.0; Win64; x64) AppleWebKit/537.36 (KHTML, like Gecko) Chrome/74.0.3729.131 Safari/537.36"
195.81.74.108 - - [09/May/2019:17:35:28 +0300] "GET /EN/menu/menu.css HTTP/1.1" 200 1820 "http://www.memiq.ro/EN/home.shtml" "Mozilla/5.0 (Windows NT 10.0; Win64; x64) AppleWebKit/537.36 (KHTML, like Gecko) Chrome/74.0.3729.131 Safari/537.36"
195.81.74.108 - - [09/May/2019:17:35:28 +0300] "GET /EN/menu/ie5.js HTTP/1.1" 200 2760 "http://www.memiq.ro/EN/home.shtml" "Mozilla/5.0 (Windows NT 10.0; Win64; x64) AppleWebKit/537.36 (KHTML, like Gecko) Chrome/74.0.3729.131 Safari/537.36"
195.81.74.108 - - [09/May/2019:17:35:28 +0300] "GET /EN/menu/menu.js HTTP/1.1" 200 11961 "http://www.memiq.ro/EN/home.shtml" "Mozilla/5.0 (Windows NT 10.0; Win64; x64) AppleWebKit/537.36 (KHTML, like Gecko) Chrome/74.0.3729.131 Safari/537.36"
195.81.74.108 - - [09/May/2019:17:35:28 +0300] "GET /images/memIQLogo.png HTTP/1.1" 200 9660 "http://www.memiq.ro/EN/home.shtml" "Mozilla/5.0 (Windows NT 10.0; Win64; x64) AppleWebKit/537.36 (KHTML, like Gecko) Chrome/74.0.3729.131 Safari/537.36"
195.81.74.108 - - [09/May/2019:17:35:28 +0300] "GET /images/bg_pixel.gif HTTP/1.1" 200 43 "http://www.memiq.ro/EN/home.shtml" "Mozilla/5.0 (Windows NT 10.0; Win64; x64) AppleWebKit/537.36 (KHTML, like Gecko) Chrome/74.0.3729.131 Safari/537.36"
