85.209.89.217 - - [06/May/2019:00:07:11 +0300] "HEAD / HTTP/1.1" 302 - "https://www.prjadko.kiev.ua/pamyatniki.html" "Mozilla/2.0 (compatible; MSIE5.00; Windows 2008)"
85.209.89.217 - - [06/May/2019:00:07:15 +0300] "HEAD /EN/home.shtml HTTP/1.1" 200 - "https://www.prjadko.kiev.ua/pamyatniki.html" "Mozilla/2.0 (compatible; MSIE5.00; Windows 2008)"
85.209.89.241 - - [06/May/2019:00:46:23 +0300] "HEAD / HTTP/1.1" 302 - "https://pokupaylegko.ru/shop/tovari_dlya_otdiha/" "Mozilla/2.0 (compatible; MSIE5.00; Windows 2009)"
85.209.89.241 - - [06/May/2019:00:46:27 +0300] "HEAD /EN/home.shtml HTTP/1.1" 200 - "https://pokupaylegko.ru/shop/tovari_dlya_otdiha/" "Mozilla/2.0 (compatible; MSIE5.00; Windows 2009)"
178.138.99.66 - - [06/May/2019:01:23:58 +0300] "GET /wp-login.php HTTP/1.1" 404 16 "-" "Mozilla/5.0 (Windows NT 6.1; WOW64; rv:40.0) Gecko/20100101 Firefox/40.1"
178.138.99.66 - - [06/May/2019:01:23:58 +0300] "GET / HTTP/1.1" 302 217 "-" "Mozilla/5.0 (Windows NT 6.1; WOW64; rv:40.0) Gecko/20100101 Firefox/40.1"
178.138.99.66 - - [06/May/2019:01:23:58 +0300] "GET /EN/home.shtml HTTP/1.1" 200 11449 "-" "Mozilla/5.0 (Windows NT 6.1; WOW64; rv:40.0) Gecko/20100101 Firefox/40.1"
79.166.101.71 - - [06/May/2019:01:43:18 +0300] "GET /wp-login.php HTTP/1.1" 404 16 "-" "Mozilla/5.0 (Windows NT 6.1; WOW64; rv:40.0) Gecko/20100101 Firefox/40.1"
79.166.101.71 - - [06/May/2019:01:43:18 +0300] "GET / HTTP/1.1" 302 217 "-" "Mozilla/5.0 (Windows NT 6.1; WOW64; rv:40.0) Gecko/20100101 Firefox/40.1"
79.166.101.71 - - [06/May/2019:01:43:18 +0300] "GET /EN/home.shtml HTTP/1.1" 200 11449 "-" "Mozilla/5.0 (Windows NT 6.1; WOW64; rv:40.0) Gecko/20100101 Firefox/40.1"
54.36.148.46 - - [06/May/2019:02:04:10 +0300] "GET /EN/trainingTestimonials.shtml HTTP/1.1" 200 14297 "-" "Mozilla/5.0 (compatible; AhrefsBot/6.1; +http://ahrefs.com/robot/)"
66.249.69.139 - - [06/May/2019:02:07:27 +0300] "GET / HTTP/1.1" 302 217 "-" "Mozilla/5.0 (compatible; Googlebot/2.1; +http://www.google.com/bot.html)"
66.249.69.139 - - [06/May/2019:02:07:28 +0300] "GET /EN/home.shtml HTTP/1.1" 200 11449 "-" "Mozilla/5.0 (compatible; Googlebot/2.1; +http://www.google.com/bot.html)"
42.236.99.130 - - [06/May/2019:02:19:50 +0300] "GET / HTTP/1.1" 302 217 "http://www.memiq.ro/" "Mozilla/5.0 (Windows NT 6.1; WOW64) AppleWebKit/537.36 (KHTML, like Gecko) Chrome/50.0.2661.102 Safari/537.36; 360Spider"
42.236.99.130 - - [06/May/2019:02:19:53 +0300] "GET /EN/home.shtml HTTP/1.1" 200 11449 "http://www.memiq.ro/EN/home.shtml" "Mozilla/5.0 (Windows NT 6.1; WOW64) AppleWebKit/537.36 (KHTML, like Gecko) Chrome/50.0.2661.102 Safari/537.36; 360Spider"
77.75.76.172 - - [06/May/2019:02:23:36 +0300] "GET /robots.txt HTTP/1.1" 200 278 "-" "Mozilla/5.0 (compatible; SeznamBot/3.2; +http://napoveda.seznam.cz/en/seznambot-intro/)"
77.75.76.172 - - [06/May/2019:02:23:36 +0300] "GET / HTTP/1.1" 302 213 "-" "Mozilla/5.0 (compatible; SeznamBot/3.2; +http://napoveda.seznam.cz/en/seznambot-intro/)"
66.249.69.141 - - [06/May/2019:02:57:32 +0300] "GET / HTTP/1.1" 302 217 "-" "Mozilla/5.0 (Linux; Android 6.0.1; Nexus 5X Build/MMB29P) AppleWebKit/537.36 (KHTML, like Gecko) Chrome/41.0.2272.96 Mobile Safari/537.36 (compatible; Googlebot/2.1; +http://www.google.com/bot.html)"
66.249.69.139 - - [06/May/2019:02:57:33 +0300] "GET /EN/home.shtml HTTP/1.1" 200 11449 "-" "Mozilla/5.0 (Linux; Android 6.0.1; Nexus 5X Build/MMB29P) AppleWebKit/537.36 (KHTML, like Gecko) Chrome/41.0.2272.96 Mobile Safari/537.36 (compatible; Googlebot/2.1; +http://www.google.com/bot.html)"
186.235.254.33 - - [06/May/2019:03:39:28 +0300] "GET /wp-login.php HTTP/1.1" 404 16 "-" "Mozilla/5.0 (Windows NT 6.1; WOW64; rv:40.0) Gecko/20100101 Firefox/40.1"
186.235.254.33 - - [06/May/2019:03:39:28 +0300] "GET / HTTP/1.1" 302 217 "-" "Mozilla/5.0 (Windows NT 6.1; WOW64; rv:40.0) Gecko/20100101 Firefox/40.1"
186.235.254.33 - - [06/May/2019:03:39:28 +0300] "GET /EN/home.shtml HTTP/1.1" 200 11449 "-" "Mozilla/5.0 (Windows NT 6.1; WOW64; rv:40.0) Gecko/20100101 Firefox/40.1"
207.46.13.55 - - [06/May/2019:04:15:26 +0300] "GET /download/Course%20-%20Java%20Enterprise%20Design%20Patterns.pdf HTTP/1.1" 200 73863 "-" "Mozilla/5.0 (iPhone; CPU iPhone OS 7_0 like Mac OS X) AppleWebKit/537.51.1 (KHTML, like Gecko) Version/7.0 Mobile/11A465 Safari/9537.53 (compatible; bingbot/2.0; +http://www.bing.com/bingbot.htm)"
180.76.15.30 - - [06/May/2019:04:40:35 +0300] "GET / HTTP/1.1" 302 213 "-" "Mozilla/5.0 (compatible; Baiduspider/2.0; +http://www.baidu.com/search/spider.html)"
176.100.188.1 - - [06/May/2019:04:42:44 +0300] "GET / HTTP/1.0" 302 217 "https://123kupi.net" "Mozilla/5.0 (Windows NT 6.1) AppleWebKit/537.36 (KHTML, like Gecko) Chrome/67.0.3396.99 Safari/537.36"
176.100.188.1 - - [06/May/2019:04:42:44 +0300] "GET /EN/home.shtml HTTP/1.0" 200 11449 "https://123kupi.net" "Mozilla/5.0 (Windows NT 6.1) AppleWebKit/537.36 (KHTML, like Gecko) Chrome/67.0.3396.99 Safari/537.36"
176.100.188.1 - - [06/May/2019:04:42:44 +0300] "GET /EN/home.shtml HTTP/1.0" 200 11449 "https://123kupi.net" "Mozilla/5.0 (Windows NT 10.0; Win64; x64) AppleWebKit/537.36 (KHTML, like Gecko) Chrome/68.0.3440.106 Safari/537.36"
176.100.188.1 - - [06/May/2019:04:42:44 +0300] "GET /EN/home.shtml HTTP/1.0" 200 11449 "https://123kupi.net" "Mozilla/5.0 (Windows NT 10.0; Win64; x64) AppleWebKit/537.36 (KHTML, like Gecko) Chrome/68.0.3440.84 Safari/537.36"
176.100.188.1 - - [06/May/2019:04:42:44 +0300] "GET /EN/home.shtml HTTP/1.0" 200 11449 "https://123kupi.net" "Mozilla/5.0 (Windows NT 10.0; Win64; x64) AppleWebKit/537.36 (KHTML, like Gecko) Chrome/66.0.3359.170 Safari/537.36 OPR/53.0.2907.68"
176.100.188.1 - - [06/May/2019:04:42:45 +0300] "GET /EN/home.shtml HTTP/1.0" 200 11449 "https://123kupi.net" "Mozilla/5.0 (Windows NT 10.0; Win64; x64) AppleWebKit/537.36 (KHTML, like Gecko) Chrome/58.0.3029.110 Safari/537.36 Edge/16.16299"
185.203.240.129 - - [06/May/2019:04:59:08 +0300] "HEAD / HTTP/1.1" 302 - "https://oknamyagkie.ru/shtory-pvkh/prozrachnye-shtory-pvkh/" "Mozilla/2.0 (compatible; MSIE6.00; Windows 2008)"
85.209.89.205 - - [06/May/2019:04:59:08 +0300] "HEAD / HTTP/1.1" 302 - "https://pixelgl.ru/nastrojka-yandeks-direkt/" "Mozilla/2.0 (compatible; MSIE5.00; Windows 2006)"
185.203.240.129 - - [06/May/2019:04:59:12 +0300] "HEAD /EN/home.shtml HTTP/1.1" 200 - "https://oknamyagkie.ru/shtory-pvkh/prozrachnye-shtory-pvkh/" "Mozilla/2.0 (compatible; MSIE6.00; Windows 2008)"
85.209.89.205 - - [06/May/2019:04:59:12 +0300] "HEAD /EN/home.shtml HTTP/1.1" 200 - "https://pixelgl.ru/nastrojka-yandeks-direkt/" "Mozilla/2.0 (compatible; MSIE5.00; Windows 2006)"
85.209.89.224 - - [06/May/2019:05:02:09 +0300] "HEAD / HTTP/1.1" 302 - "https://express-vyvoz.ru/vyvoz-musora-s-dachnogo-uchastka/vyvoz-musora-v-selskom-poselenii.html" "Mozilla/8.0 (compatible; MSIE5.00; Windows 2008)"
85.209.89.224 - - [06/May/2019:05:02:13 +0300] "HEAD /EN/home.shtml HTTP/1.1" 200 - "https://express-vyvoz.ru/vyvoz-musora-s-dachnogo-uchastka/vyvoz-musora-v-selskom-poselenii.html" "Mozilla/8.0 (compatible; MSIE5.00; Windows 2008)"
35.237.113.98 - - [06/May/2019:05:03:56 +0300] "GET /robots.txt HTTP/1.0" 200 278 "-" "ZoominfoBot (zoominfobot at zoominfo dot com)"
35.237.113.98 - - [06/May/2019:05:03:56 +0300] "GET / HTTP/1.0" 302 217 "-" "ZoominfoBot (zoominfobot at zoominfo dot com)"
35.237.113.98 - - [06/May/2019:05:03:57 +0300] "GET /EN/home.shtml HTTP/1.0" 200 11449 "-" "ZoominfoBot (zoominfobot at zoominfo dot com)"
35.237.113.98 - - [06/May/2019:05:04:10 +0300] "GET /robots.txt HTTP/1.0" 200 278 "-" "ZoominfoBot (zoominfobot at zoominfo dot com)"
35.237.113.98 - - [06/May/2019:05:04:10 +0300] "GET / HTTP/1.0" 302 213 "-" "ZoominfoBot (zoominfobot at zoominfo dot com)"
35.237.113.98 - - [06/May/2019:05:04:10 +0300] "GET /EN/home.shtml HTTP/1.0" 200 11449 "-" "ZoominfoBot (zoominfobot at zoominfo dot com)"
212.86.109.31 - - [06/May/2019:05:04:32 +0300] "HEAD / HTTP/1.1" 302 - "https://pvhgid.ru" "Mozilla/5.0 (compatible; MSIE6.00; Windows 2009)"
212.86.109.31 - - [06/May/2019:05:04:36 +0300] "HEAD /EN/home.shtml HTTP/1.1" 200 - "https://pvhgid.ru" "Mozilla/5.0 (compatible; MSIE6.00; Windows 2009)"
109.201.154.237 - - [06/May/2019:05:06:40 +0300] "GET /robots.txt HTTP/1.1" 200 278 "-" "Mozilla/5.0 (compatible; Uptimebot/1.0; +http://www.uptime.com/uptimebot)"
91.183.223.8 - - [06/May/2019:05:12:16 +0300] "GET /wp-login.php HTTP/1.1" 404 16 "-" "Mozilla/5.0 (Windows NT 6.1; WOW64; rv:40.0) Gecko/20100101 Firefox/40.1"
91.183.223.8 - - [06/May/2019:05:12:16 +0300] "GET / HTTP/1.1" 302 217 "-" "Mozilla/5.0 (Windows NT 6.1; WOW64; rv:40.0) Gecko/20100101 Firefox/40.1"
91.183.223.8 - - [06/May/2019:05:12:16 +0300] "GET /EN/home.shtml HTTP/1.1" 200 11449 "-" "Mozilla/5.0 (Windows NT 6.1; WOW64; rv:40.0) Gecko/20100101 Firefox/40.1"
85.209.89.216 - - [06/May/2019:05:27:02 +0300] "HEAD / HTTP/1.1" 302 - "http://updowntoday.com/en/sites/einthusan.tv" "Mozilla/5.0 (compatible; MSIE4.00; Windows 2005)"
85.209.89.216 - - [06/May/2019:05:27:06 +0300] "HEAD /EN/home.shtml HTTP/1.1" 200 - "http://updowntoday.com/en/sites/einthusan.tv" "Mozilla/5.0 (compatible; MSIE4.00; Windows 2005)"
40.77.167.43 - - [06/May/2019:05:27:07 +0300] "GET /EN/training.shtml HTTP/1.1" 200 11020 "-" "Mozilla/5.0 (compatible; bingbot/2.0; +http://www.bing.com/bingbot.htm)"
40.77.189.178 - - [06/May/2019:05:27:09 +0300] "GET /EN/include/style.css HTTP/1.1" 200 1650 "-" "Mozilla/5.0 (Windows NT 6.1; WOW64) AppleWebKit/534+ (KHTML, like Gecko) BingPreview/1.0b"
40.77.189.178 - - [06/May/2019:05:27:10 +0300] "GET /EN/menu/menu.css HTTP/1.1" 200 1820 "-" "Mozilla/5.0 (Windows NT 6.1; WOW64) AppleWebKit/534+ (KHTML, like Gecko) BingPreview/1.0b"
40.77.190.71 - - [06/May/2019:05:27:10 +0300] "GET /EN/menu/ie5.js HTTP/1.1" 200 2760 "-" "Mozilla/5.0 (Windows NT 6.1; WOW64) AppleWebKit/534+ (KHTML, like Gecko) BingPreview/1.0b"
40.77.190.210 - - [06/May/2019:05:27:11 +0300] "GET /EN/menu/menu.js HTTP/1.1" 200 11961 "-" "Mozilla/5.0 (Windows NT 6.1; WOW64) AppleWebKit/534+ (KHTML, like Gecko) BingPreview/1.0b"
40.77.167.43 - - [06/May/2019:05:27:13 +0300] "GET /robots.txt HTTP/1.1" 200 278 "-" "Mozilla/5.0 (compatible; bingbot/2.0; +http://www.bing.com/bingbot.htm)"
40.77.167.43 - - [06/May/2019:05:27:13 +0300] "GET /robots.txt HTTP/1.1" 200 278 "-" "Mozilla/5.0 (compatible; bingbot/2.0; +http://www.bing.com/bingbot.htm)"
54.36.148.223 - - [06/May/2019:05:35:03 +0300] "GET /EN/formular.shtml HTTP/1.1" 200 8962 "-" "Mozilla/5.0 (compatible; AhrefsBot/6.1; +http://ahrefs.com/robot/)"
54.36.148.251 - - [06/May/2019:05:35:08 +0300] "GET /robots.txt HTTP/1.1" 200 278 "-" "Mozilla/5.0 (compatible; AhrefsBot/6.1; +http://ahrefs.com/robot/)"
54.36.149.4 - - [06/May/2019:05:35:08 +0300] "GET /EN/trainingCompetencies.shtml HTTP/1.1" 200 10828 "-" "Mozilla/5.0 (compatible; AhrefsBot/6.1; +http://ahrefs.com/robot/)"
66.249.69.139 - - [06/May/2019:05:58:45 +0300] "GET / HTTP/1.1" 302 217 "-" "Mozilla/5.0 (Linux; Android 6.0.1; Nexus 5X Build/MMB29P) AppleWebKit/537.36 (KHTML, like Gecko) Chrome/41.0.2272.96 Mobile Safari/537.36 (compatible; Googlebot/2.1; +http://www.google.com/bot.html)"
66.249.69.141 - - [06/May/2019:05:58:46 +0300] "GET /EN/home.shtml HTTP/1.1" 200 11449 "-" "Mozilla/5.0 (Linux; Android 6.0.1; Nexus 5X Build/MMB29P) AppleWebKit/537.36 (KHTML, like Gecko) Chrome/41.0.2272.96 Mobile Safari/537.36 (compatible; Googlebot/2.1; +http://www.google.com/bot.html)"
66.249.69.141 - - [06/May/2019:06:08:44 +0300] "GET /EN/management.shtml HTTP/1.1" 200 10287 "-" "Mozilla/5.0 (Linux; Android 6.0.1; Nexus 5X Build/MMB29P) AppleWebKit/537.36 (KHTML, like Gecko) Chrome/41.0.2272.96 Mobile Safari/537.36 (compatible; Googlebot/2.1; +http://www.google.com/bot.html)"
77.220.215.153 - - [06/May/2019:06:09:23 +0300] "HEAD / HTTP/1.1" 302 - "https://nano-spb.ru/bluetooth_mikronaushniki" "Mozilla/6.0 (compatible; MSIE4.00; Windows 2008)"
77.220.215.153 - - [06/May/2019:06:09:28 +0300] "HEAD /EN/home.shtml HTTP/1.1" 200 - "https://nano-spb.ru/bluetooth_mikronaushniki" "Mozilla/6.0 (compatible; MSIE4.00; Windows 2008)"
95.163.255.38 - - [06/May/2019:06:11:24 +0300] "GET /robots.txt HTTP/1.0" 200 278 "-" "Mozilla/5.0 (compatible; Linux x86_64; Mail.RU_Bot/2.0; +http://go.mail.ru/help/robots)"
95.163.255.36 - - [06/May/2019:06:11:25 +0300] "GET /sitemap.xml HTTP/1.1" 200 5288 "-" "Mozilla/5.0 (compatible; Linux x86_64; Mail.RU_Bot/2.0; +http://go.mail.ru/help/robots)"
103.131.71.141 - - [06/May/2019:06:25:14 +0300] "GET /robots.txt HTTP/1.1" 200 278 "-" "Mozilla/5.0 (compatible; coccocbot-web/1.0; +http://help.coccoc.com/searchengine)"
54.36.148.246 - - [06/May/2019:06:40:01 +0300] "GET /EN/trainingCourses.shtml HTTP/1.1" 404 - "-" "Mozilla/5.0 (compatible; AhrefsBot/6.1; +http://ahrefs.com/robot/)"
91.242.162.134 - - [06/May/2019:06:49:14 +0300] "GET /EN/home.shtml HTTP/1.1" 200 11449 "-" "Mozilla/5.0 (compatible; Qwantify/Bleriot/1.1; +https://help.qwant.com/bot)"
37.221.171.235 - - [06/May/2019:06:53:47 +0300] "GET / HTTP/1.1" 302 217 "-" "Mozilla/4.0 (compatible; MSIE 6.0; Windows NT 5.1; PatroKLes"
37.221.171.235 - - [06/May/2019:06:53:47 +0300] "GET /EN/home.shtml HTTP/1.1" 200 11449 "-" "Mozilla/4.0 (compatible; MSIE 6.0; Windows NT 5.1; PatroKLes"
54.36.149.81 - - [06/May/2019:07:19:32 +0300] "GET /robots.txt HTTP/1.1" 200 278 "-" "Mozilla/5.0 (compatible; AhrefsBot/6.1; +http://ahrefs.com/robot/)"
54.36.148.42 - - [06/May/2019:07:19:33 +0300] "GET /EN/trainingCompetencies.shtml HTTP/1.1" 200 10828 "-" "Mozilla/5.0 (compatible; AhrefsBot/6.1; +http://ahrefs.com/robot/)"
66.249.69.141 - - [06/May/2019:07:29:47 +0300] "GET /download/Descriere%20curs%20-%20Sabloane%20de%20Proiectare.pdf HTTP/1.1" 304 - "-" "Mozilla/5.0 (Linux; Android 6.0.1; Nexus 5X Build/MMB29P) AppleWebKit/537.36 (KHTML, like Gecko) Chrome/41.0.2272.96 Mobile Safari/537.36 (compatible; Googlebot/2.1; +http://www.google.com/bot.html)"
54.36.148.246 - - [06/May/2019:07:30:44 +0300] "GET /EN/trainingIntroductions.shtml HTTP/1.1" 200 9595 "-" "Mozilla/5.0 (compatible; AhrefsBot/6.1; +http://ahrefs.com/robot/)"
46.229.168.144 - - [06/May/2019:07:42:01 +0300] "GET /robots.txt HTTP/1.1" 200 278 "-" "Mozilla/5.0 (compatible; SemrushBot/3~bl; +http://www.semrush.com/bot.html)"
46.229.168.129 - - [06/May/2019:07:42:02 +0300] "GET /EN/trainingTestimonials.shtml HTTP/1.1" 200 14297 "-" "Mozilla/5.0 (compatible; SemrushBot/3~bl; +http://www.semrush.com/bot.html)"
54.36.148.84 - - [06/May/2019:07:48:14 +0300] "GET /EN/trainingServices.shtml HTTP/1.1" 200 10893 "-" "Mozilla/5.0 (compatible; AhrefsBot/6.1; +http://ahrefs.com/robot/)"
66.249.69.141 - - [06/May/2019:07:49:47 +0300] "GET /download/Descriere%20curs%20-%20Fundamentele%20Python%203.pdf HTTP/1.1" 304 - "-" "Mozilla/5.0 (Linux; Android 6.0.1; Nexus 5X Build/MMB29P) AppleWebKit/537.36 (KHTML, like Gecko) Chrome/41.0.2272.96 Mobile Safari/537.36 (compatible; Googlebot/2.1; +http://www.google.com/bot.html)"
66.249.69.139 - - [06/May/2019:07:59:56 +0300] "GET /EN/training.shtml HTTP/1.1" 200 11020 "-" "Mozilla/5.0 (Linux; Android 6.0.1; Nexus 5X Build/MMB29P) AppleWebKit/537.36 (KHTML, like Gecko) Chrome/41.0.2272.96 Mobile Safari/537.36 (compatible; Googlebot/2.1; +http://www.google.com/bot.html)"
202.46.49.108 - - [06/May/2019:08:21:46 +0300] "GET / HTTP/1.1" 302 213 "-" "Mozilla/5.0 (Windows NT 10.0; WOW64) AppleWebKit/537.36 (KHTML, like Gecko) Chrome/45.0.2454.93 Safari/537.36"
54.36.149.74 - - [06/May/2019:08:22:45 +0300] "GET /EN/sdp.shtml HTTP/1.1" 200 9758 "-" "Mozilla/5.0 (compatible; AhrefsBot/6.1; +http://ahrefs.com/robot/)"
66.249.69.141 - - [06/May/2019:08:30:50 +0300] "GET /EN/consulting.shtml HTTP/1.1" 200 10196 "-" "Mozilla/5.0 (Linux; Android 6.0.1; Nexus 5X Build/MMB29P) AppleWebKit/537.36 (KHTML, like Gecko) Chrome/41.0.2272.96 Mobile Safari/537.36 (compatible; Googlebot/2.1; +http://www.google.com/bot.html)"
157.55.39.194 - - [06/May/2019:08:34:20 +0300] "GET /download/Course%20-%20Java%20Enterprise%20Design%20Patterns.pdf HTTP/1.1" 200 73863 "-" "Mozilla/5.0 (compatible; bingbot/2.0; +http://www.bing.com/bingbot.htm)"
194.67.207.94 - - [06/May/2019:08:34:55 +0300] "HEAD / HTTP/1.1" 302 - "https://dverirespekt.ru/dveri-dub/" "Mozilla/7.0 (compatible; MSIE4.00; Windows 2008)"
194.67.207.94 - - [06/May/2019:08:34:59 +0300] "HEAD /EN/home.shtml HTTP/1.1" 200 - "https://dverirespekt.ru/dveri-dub/" "Mozilla/7.0 (compatible; MSIE4.00; Windows 2008)"
104.42.48.187 - - [06/May/2019:08:57:59 +0300] "HEAD / HTTP/1.0" 302 - "-" "HTTPing v2.5"
98.158.250.145 - - [06/May/2019:09:07:46 +0300] "GET /training/continental/python HTTP/1.1" 301 252 "-" "Mozilla/5.0 (Windows NT 10.0; Win64; x64) AppleWebKit/537.36 (KHTML, like Gecko) Chrome/73.0.3683.103 Safari/537.36"
98.158.250.145 - - [06/May/2019:09:07:46 +0300] "GET /training/continental/python/ HTTP/1.1" 200 1040 "-" "Mozilla/5.0 (Windows NT 10.0; Win64; x64) AppleWebKit/537.36 (KHTML, like Gecko) Chrome/73.0.3683.103 Safari/537.36"
98.158.250.145 - - [06/May/2019:09:07:47 +0300] "GET /favicon.ico HTTP/1.1" 200 2438 "http://memiq.ro/training/continental/python/" "Mozilla/5.0 (Windows NT 10.0; Win64; x64) AppleWebKit/537.36 (KHTML, like Gecko) Chrome/73.0.3683.103 Safari/537.36"
98.158.248.43 - - [06/May/2019:09:08:13 +0300] "GET / HTTP/1.1" 302 217 "-" "Mozilla/5.0 (Windows NT 6.1; Win64; x64) AppleWebKit/537.36 (KHTML, like Gecko) Chrome/74.0.3729.131 Safari/537.36"
98.158.248.43 - - [06/May/2019:09:08:13 +0300] "GET /EN/home.shtml HTTP/1.1" 200 11449 "-" "Mozilla/5.0 (Windows NT 6.1; Win64; x64) AppleWebKit/537.36 (KHTML, like Gecko) Chrome/74.0.3729.131 Safari/537.36"
98.158.248.43 - - [06/May/2019:09:08:13 +0300] "GET /EN/include/style.css HTTP/1.1" 200 1650 "http://www.memiq.ro/EN/home.shtml" "Mozilla/5.0 (Windows NT 6.1; Win64; x64) AppleWebKit/537.36 (KHTML, like Gecko) Chrome/74.0.3729.131 Safari/537.36"
98.158.248.43 - - [06/May/2019:09:08:14 +0300] "GET /EN/menu/menu.css HTTP/1.1" 200 1820 "http://www.memiq.ro/EN/home.shtml" "Mozilla/5.0 (Windows NT 6.1; Win64; x64) AppleWebKit/537.36 (KHTML, like Gecko) Chrome/74.0.3729.131 Safari/537.36"
98.158.248.43 - - [06/May/2019:09:08:14 +0300] "GET /EN/menu/ie5.js HTTP/1.1" 200 2760 "http://www.memiq.ro/EN/home.shtml" "Mozilla/5.0 (Windows NT 6.1; Win64; x64) AppleWebKit/537.36 (KHTML, like Gecko) Chrome/74.0.3729.131 Safari/537.36"
98.158.250.145 - - [06/May/2019:09:08:13 +0300] "GET /training/continental/python/FundamentalsOfPython.pdf HTTP/1.1" 200 327160 "http://memiq.ro/training/continental/python/" "Mozilla/5.0 (Windows NT 10.0; Win64; x64) AppleWebKit/537.36 (KHTML, like Gecko) Chrome/73.0.3683.103 Safari/537.36"
98.158.248.43 - - [06/May/2019:09:08:14 +0300] "GET /EN/menu/menu.js HTTP/1.1" 200 11961 "http://www.memiq.ro/EN/home.shtml" "Mozilla/5.0 (Windows NT 6.1; Win64; x64) AppleWebKit/537.36 (KHTML, like Gecko) Chrome/74.0.3729.131 Safari/537.36"
98.158.248.43 - - [06/May/2019:09:08:14 +0300] "GET /images/memIQLogo.png HTTP/1.1" 200 9660 "http://www.memiq.ro/EN/home.shtml" "Mozilla/5.0 (Windows NT 6.1; Win64; x64) AppleWebKit/537.36 (KHTML, like Gecko) Chrome/74.0.3729.131 Safari/537.36"
98.158.248.43 - - [06/May/2019:09:08:14 +0300] "GET /images/bg_pixel.gif HTTP/1.1" 200 43 "http://www.memiq.ro/EN/home.shtml" "Mozilla/5.0 (Windows NT 6.1; Win64; x64) AppleWebKit/537.36 (KHTML, like Gecko) Chrome/74.0.3729.131 Safari/537.36"
98.158.248.43 - - [06/May/2019:09:08:14 +0300] "GET /images/top-left-corner-gray.gif HTTP/1.1" 200 52 "http://www.memiq.ro/EN/home.shtml" "Mozilla/5.0 (Windows NT 6.1; Win64; x64) AppleWebKit/537.36 (KHTML, like Gecko) Chrome/74.0.3729.131 Safari/537.36"
98.158.248.43 - - [06/May/2019:09:08:14 +0300] "GET /images/gray-border-pixel.gif HTTP/1.1" 200 43 "http://www.memiq.ro/EN/home.shtml" "Mozilla/5.0 (Windows NT 6.1; Win64; x64) AppleWebKit/537.36 (KHTML, like Gecko) Chrome/74.0.3729.131 Safari/537.36"
98.158.248.43 - - [06/May/2019:09:08:14 +0300] "GET /images/top-right-corner-gray.gif HTTP/1.1" 200 65 "http://www.memiq.ro/EN/home.shtml" "Mozilla/5.0 (Windows NT 6.1; Win64; x64) AppleWebKit/537.36 (KHTML, like Gecko) Chrome/74.0.3729.131 Safari/537.36"
98.158.248.43 - - [06/May/2019:09:08:14 +0300] "GET /images/gray-header-pixel.gif HTTP/1.1" 200 43 "http://www.memiq.ro/EN/home.shtml" "Mozilla/5.0 (Windows NT 6.1; Win64; x64) AppleWebKit/537.36 (KHTML, like Gecko) Chrome/74.0.3729.131 Safari/537.36"
98.158.248.43 - - [06/May/2019:09:08:14 +0300] "GET /images/spacer.gif HTTP/1.1" 200 43 "http://www.memiq.ro/EN/home.shtml" "Mozilla/5.0 (Windows NT 6.1; Win64; x64) AppleWebKit/537.36 (KHTML, like Gecko) Chrome/74.0.3729.131 Safari/537.36"
98.158.248.43 - - [06/May/2019:09:08:14 +0300] "GET /images/home.png HTTP/1.1" 200 7556 "http://www.memiq.ro/EN/home.shtml" "Mozilla/5.0 (Windows NT 6.1; Win64; x64) AppleWebKit/537.36 (KHTML, like Gecko) Chrome/74.0.3729.131 Safari/537.36"
98.158.248.43 - - [06/May/2019:09:08:14 +0300] "GET /images/memiqHome.jpg HTTP/1.1" 200 47773 "http://www.memiq.ro/EN/home.shtml" "Mozilla/5.0 (Windows NT 6.1; Win64; x64) AppleWebKit/537.36 (KHTML, like Gecko) Chrome/74.0.3729.131 Safari/537.36"
98.158.248.43 - - [06/May/2019:09:08:14 +0300] "GET /images/bottom-left-corner.gif HTTP/1.1" 200 51 "http://www.memiq.ro/EN/home.shtml" "Mozilla/5.0 (Windows NT 6.1; Win64; x64) AppleWebKit/537.36 (KHTML, like Gecko) Chrome/74.0.3729.131 Safari/537.36"
98.158.248.43 - - [06/May/2019:09:08:14 +0300] "GET /images/bottom-right-corner.gif HTTP/1.1" 200 52 "http://www.memiq.ro/EN/home.shtml" "Mozilla/5.0 (Windows NT 6.1; Win64; x64) AppleWebKit/537.36 (KHTML, like Gecko) Chrome/74.0.3729.131 Safari/537.36"
98.158.248.43 - - [06/May/2019:09:08:14 +0300] "GET /images/bottom-line1.gif HTTP/1.1" 200 189 "http://www.memiq.ro/EN/home.shtml" "Mozilla/5.0 (Windows NT 6.1; Win64; x64) AppleWebKit/537.36 (KHTML, like Gecko) Chrome/74.0.3729.131 Safari/537.36"
98.158.248.43 - - [06/May/2019:09:08:14 +0300] "GET /images/bottom-line2.gif HTTP/1.1" 200 189 "http://www.memiq.ro/EN/home.shtml" "Mozilla/5.0 (Windows NT 6.1; Win64; x64) AppleWebKit/537.36 (KHTML, like Gecko) Chrome/74.0.3729.131 Safari/537.36"
98.158.248.43 - - [06/May/2019:09:08:15 +0300] "GET /EN/include/memiq.ico HTTP/1.1" 200 2438 "http://www.memiq.ro/EN/home.shtml" "Mozilla/5.0 (Windows NT 6.1; Win64; x64) AppleWebKit/537.36 (KHTML, like Gecko) Chrome/74.0.3729.131 Safari/537.36"
98.158.251.176 - - [06/May/2019:09:08:26 +0300] "GET /training/continental/python/ HTTP/1.1" 200 1040 "-" "Mozilla/5.0 (Windows NT 6.1; Win64; x64) AppleWebKit/537.36 (KHTML, like Gecko) Chrome/73.0.3683.86 Safari/537.36"
98.158.251.176 - - [06/May/2019:09:08:27 +0300] "GET /favicon.ico HTTP/1.1" 200 2438 "http://www.memiq.ro/training/continental/python/" "Mozilla/5.0 (Windows NT 6.1; Win64; x64) AppleWebKit/537.36 (KHTML, like Gecko) Chrome/73.0.3683.86 Safari/537.36"
98.158.251.178 - - [06/May/2019:09:08:27 +0300] "GET /training/continental/python HTTP/1.1" 301 256 "-" "Mozilla/5.0 (Windows NT 10.0; Win64; x64) AppleWebKit/537.36 (KHTML, like Gecko) Chrome/73.0.3683.103 Safari/537.36"
98.158.251.178 - - [06/May/2019:09:08:27 +0300] "GET /training/continental/python/ HTTP/1.1" 200 1040 "-" "Mozilla/5.0 (Windows NT 10.0; Win64; x64) AppleWebKit/537.36 (KHTML, like Gecko) Chrome/73.0.3683.103 Safari/537.36"
98.158.251.178 - - [06/May/2019:09:08:28 +0300] "GET /favicon.ico HTTP/1.1" 200 2438 "http://www.memiq.ro/training/continental/python/" "Mozilla/5.0 (Windows NT 10.0; Win64; x64) AppleWebKit/537.36 (KHTML, like Gecko) Chrome/73.0.3683.103 Safari/537.36"
98.158.251.178 - - [06/May/2019:09:08:32 +0300] "GET /training/continental/python/FundamentalsOfPython.pdf HTTP/1.1" 200 327160 "http://www.memiq.ro/training/continental/python/" "Mozilla/5.0 (Windows NT 10.0; Win64; x64) AppleWebKit/537.36 (KHTML, like Gecko) Chrome/73.0.3683.103 Safari/537.36"
98.158.251.176 - - [06/May/2019:09:08:36 +0300] "GET /training/continental/ HTTP/1.1" 200 98 "http://www.memiq.ro/training/continental/python/" "Mozilla/5.0 (Windows NT 6.1; Win64; x64) AppleWebKit/537.36 (KHTML, like Gecko) Chrome/73.0.3683.86 Safari/537.36"
98.158.251.176 - - [06/May/2019:09:08:37 +0300] "GET / HTTP/1.1" 302 217 "http://www.memiq.ro/training/continental/" "Mozilla/5.0 (Windows NT 6.1; Win64; x64) AppleWebKit/537.36 (KHTML, like Gecko) Chrome/73.0.3683.86 Safari/537.36"
98.158.251.176 - - [06/May/2019:09:08:37 +0300] "GET /EN/home.shtml HTTP/1.1" 200 11449 "http://www.memiq.ro/training/continental/" "Mozilla/5.0 (Windows NT 6.1; Win64; x64) AppleWebKit/537.36 (KHTML, like Gecko) Chrome/73.0.3683.86 Safari/537.36"
98.158.251.176 - - [06/May/2019:09:08:37 +0300] "GET /EN/include/style.css HTTP/1.1" 200 1650 "http://www.memiq.ro/EN/home.shtml" "Mozilla/5.0 (Windows NT 6.1; Win64; x64) AppleWebKit/537.36 (KHTML, like Gecko) Chrome/73.0.3683.86 Safari/537.36"
98.158.251.176 - - [06/May/2019:09:08:37 +0300] "GET /EN/menu/ie5.js HTTP/1.1" 200 2760 "http://www.memiq.ro/EN/home.shtml" "Mozilla/5.0 (Windows NT 6.1; Win64; x64) AppleWebKit/537.36 (KHTML, like Gecko) Chrome/73.0.3683.86 Safari/537.36"
98.158.251.176 - - [06/May/2019:09:08:37 +0300] "GET /images/bg_pixel.gif HTTP/1.1" 200 43 "http://www.memiq.ro/EN/home.shtml" "Mozilla/5.0 (Windows NT 6.1; Win64; x64) AppleWebKit/537.36 (KHTML, like Gecko) Chrome/73.0.3683.86 Safari/537.36"
98.158.251.176 - - [06/May/2019:09:08:37 +0300] "GET /EN/menu/menu.js HTTP/1.1" 200 11961 "http://www.memiq.ro/EN/home.shtml" "Mozilla/5.0 (Windows NT 6.1; Win64; x64) AppleWebKit/537.36 (KHTML, like Gecko) Chrome/73.0.3683.86 Safari/537.36"
98.158.251.176 - - [06/May/2019:09:08:37 +0300] "GET /images/memIQLogo.png HTTP/1.1" 200 9660 "http://www.memiq.ro/EN/home.shtml" "Mozilla/5.0 (Windows NT 6.1; Win64; x64) AppleWebKit/537.36 (KHTML, like Gecko) Chrome/73.0.3683.86 Safari/537.36"
98.158.251.176 - - [06/May/2019:09:08:37 +0300] "GET /EN/menu/menu.css HTTP/1.1" 200 1820 "http://www.memiq.ro/EN/home.shtml" "Mozilla/5.0 (Windows NT 6.1; Win64; x64) AppleWebKit/537.36 (KHTML, like Gecko) Chrome/73.0.3683.86 Safari/537.36"
98.158.251.176 - - [06/May/2019:09:08:37 +0300] "GET /images/gray-border-pixel.gif HTTP/1.1" 200 43 "http://www.memiq.ro/EN/home.shtml" "Mozilla/5.0 (Windows NT 6.1; Win64; x64) AppleWebKit/537.36 (KHTML, like Gecko) Chrome/73.0.3683.86 Safari/537.36"
98.158.251.176 - - [06/May/2019:09:08:37 +0300] "GET /images/top-left-corner-gray.gif HTTP/1.1" 200 52 "http://www.memiq.ro/EN/home.shtml" "Mozilla/5.0 (Windows NT 6.1; Win64; x64) AppleWebKit/537.36 (KHTML, like Gecko) Chrome/73.0.3683.86 Safari/537.36"
98.158.251.176 - - [06/May/2019:09:08:37 +0300] "GET /images/top-right-corner-gray.gif HTTP/1.1" 200 65 "http://www.memiq.ro/EN/home.shtml" "Mozilla/5.0 (Windows NT 6.1; Win64; x64) AppleWebKit/537.36 (KHTML, like Gecko) Chrome/73.0.3683.86 Safari/537.36"
98.158.251.176 - - [06/May/2019:09:08:37 +0300] "GET /images/gray-header-pixel.gif HTTP/1.1" 200 43 "http://www.memiq.ro/EN/home.shtml" "Mozilla/5.0 (Windows NT 6.1; Win64; x64) AppleWebKit/537.36 (KHTML, like Gecko) Chrome/73.0.3683.86 Safari/537.36"
98.158.251.176 - - [06/May/2019:09:08:37 +0300] "GET /images/home.png HTTP/1.1" 200 7556 "http://www.memiq.ro/EN/home.shtml" "Mozilla/5.0 (Windows NT 6.1; Win64; x64) AppleWebKit/537.36 (KHTML, like Gecko) Chrome/73.0.3683.86 Safari/537.36"
98.158.251.176 - - [06/May/2019:09:08:37 +0300] "GET /images/spacer.gif HTTP/1.1" 200 43 "http://www.memiq.ro/EN/home.shtml" "Mozilla/5.0 (Windows NT 6.1; Win64; x64) AppleWebKit/537.36 (KHTML, like Gecko) Chrome/73.0.3683.86 Safari/537.36"
98.158.251.176 - - [06/May/2019:09:08:38 +0300] "GET /images/memiqHome.jpg HTTP/1.1" 200 47773 "http://www.memiq.ro/EN/home.shtml" "Mozilla/5.0 (Windows NT 6.1; Win64; x64) AppleWebKit/537.36 (KHTML, like Gecko) Chrome/73.0.3683.86 Safari/537.36"
98.158.251.176 - - [06/May/2019:09:08:38 +0300] "GET /images/bottom-left-corner.gif HTTP/1.1" 200 51 "http://www.memiq.ro/EN/home.shtml" "Mozilla/5.0 (Windows NT 6.1; Win64; x64) AppleWebKit/537.36 (KHTML, like Gecko) Chrome/73.0.3683.86 Safari/537.36"
98.158.251.176 - - [06/May/2019:09:08:38 +0300] "GET /images/bottom-right-corner.gif HTTP/1.1" 200 52 "http://www.memiq.ro/EN/home.shtml" "Mozilla/5.0 (Windows NT 6.1; Win64; x64) AppleWebKit/537.36 (KHTML, like Gecko) Chrome/73.0.3683.86 Safari/537.36"
98.158.251.176 - - [06/May/2019:09:08:38 +0300] "GET /images/bottom-line1.gif HTTP/1.1" 200 189 "http://www.memiq.ro/EN/home.shtml" "Mozilla/5.0 (Windows NT 6.1; Win64; x64) AppleWebKit/537.36 (KHTML, like Gecko) Chrome/73.0.3683.86 Safari/537.36"
98.158.251.176 - - [06/May/2019:09:08:38 +0300] "GET /images/bottom-line2.gif HTTP/1.1" 200 189 "http://www.memiq.ro/EN/home.shtml" "Mozilla/5.0 (Windows NT 6.1; Win64; x64) AppleWebKit/537.36 (KHTML, like Gecko) Chrome/73.0.3683.86 Safari/537.36"
98.158.251.176 - - [06/May/2019:09:08:39 +0300] "GET /EN/include/memiq.ico HTTP/1.1" 200 2438 "http://www.memiq.ro/EN/home.shtml" "Mozilla/5.0 (Windows NT 6.1; Win64; x64) AppleWebKit/537.36 (KHTML, like Gecko) Chrome/73.0.3683.86 Safari/537.36"
98.158.251.176 - - [06/May/2019:09:08:41 +0300] "GET /training/continental/python/FundamentalsOfPython.pdf HTTP/1.1" 200 327160 "http://www.memiq.ro/training/continental/python/" "Mozilla/5.0 (Windows NT 6.1; Win64; x64) AppleWebKit/537.36 (KHTML, like Gecko) Chrome/73.0.3683.86 Safari/537.36"
98.158.250.145 - - [06/May/2019:09:08:46 +0300] "GET /training/continental/python/examples.rar HTTP/1.1" 200 9052 "http://memiq.ro/training/continental/python/" "Mozilla/5.0 (Windows NT 10.0; Win64; x64) AppleWebKit/537.36 (KHTML, like Gecko) Chrome/73.0.3683.103 Safari/537.36"
98.158.251.178 - - [06/May/2019:09:09:33 +0300] "GET /training/continental/python/examples.rar HTTP/1.1" 200 9052 "http://www.memiq.ro/training/continental/python/" "Mozilla/5.0 (Windows NT 10.0; Win64; x64) AppleWebKit/537.36 (KHTML, like Gecko) Chrome/73.0.3683.103 Safari/537.36"
66.249.69.139 - - [06/May/2019:09:10:18 +0300] "GET /EN/contact-us.shtml HTTP/1.1" 200 11359 "-" "Mozilla/5.0 (Linux; Android 6.0.1; Nexus 5X Build/MMB29P) AppleWebKit/537.36 (KHTML, like Gecko) Chrome/41.0.2272.96 Mobile Safari/537.36 (compatible; Googlebot/2.1; +http://www.google.com/bot.html)"
199.247.38.207 - - [06/May/2019:09:22:01 +0300] "GET / HTTP/1.1" 302 213 "-" "Mozilla/5.0 (Windows NT 6.1; Win64; x64) AppleWebKit/537.36 (KHTML, like Gecko) Chrome/73.0.3683.103 Safari/537.36"
199.247.38.207 - - [06/May/2019:09:22:01 +0300] "GET /EN/home.shtml HTTP/1.1" 200 11449 "-" "Mozilla/5.0 (Windows NT 6.1; Win64; x64) AppleWebKit/537.36 (KHTML, like Gecko) Chrome/73.0.3683.103 Safari/537.36"
199.247.38.207 - - [06/May/2019:09:22:01 +0300] "GET /EN/include/style.css HTTP/1.1" 200 1650 "http://memiq.ro/EN/home.shtml" "Mozilla/5.0 (Windows NT 6.1; Win64; x64) AppleWebKit/537.36 (KHTML, like Gecko) Chrome/73.0.3683.103 Safari/537.36"
199.247.38.207 - - [06/May/2019:09:22:01 +0300] "GET /EN/menu/menu.css HTTP/1.1" 200 1820 "http://memiq.ro/EN/home.shtml" "Mozilla/5.0 (Windows NT 6.1; Win64; x64) AppleWebKit/537.36 (KHTML, like Gecko) Chrome/73.0.3683.103 Safari/537.36"
199.247.38.207 - - [06/May/2019:09:22:01 +0300] "GET /EN/menu/ie5.js HTTP/1.1" 200 2760 "http://memiq.ro/EN/home.shtml" "Mozilla/5.0 (Windows NT 6.1; Win64; x64) AppleWebKit/537.36 (KHTML, like Gecko) Chrome/73.0.3683.103 Safari/537.36"
199.247.38.207 - - [06/May/2019:09:22:01 +0300] "GET /EN/menu/menu.js HTTP/1.1" 200 11961 "http://memiq.ro/EN/home.shtml" "Mozilla/5.0 (Windows NT 6.1; Win64; x64) AppleWebKit/537.36 (KHTML, like Gecko) Chrome/73.0.3683.103 Safari/537.36"
199.247.38.207 - - [06/May/2019:09:22:01 +0300] "GET /images/memIQLogo.png HTTP/1.1" 200 9660 "http://memiq.ro/EN/home.shtml" "Mozilla/5.0 (Windows NT 6.1; Win64; x64) AppleWebKit/537.36 (KHTML, like Gecko) Chrome/73.0.3683.103 Safari/537.36"
199.247.38.207 - - [06/May/2019:09:22:01 +0300] "GET /images/bg_pixel.gif HTTP/1.1" 200 43 "http://memiq.ro/EN/home.shtml" "Mozilla/5.0 (Windows NT 6.1; Win64; x64) AppleWebKit/537.36 (KHTML, like Gecko) Chrome/73.0.3683.103 Safari/537.36"
199.247.38.207 - - [06/May/2019:09:22:02 +0300] "GET /images/top-left-corner-gray.gif HTTP/1.1" 200 52 "http://memiq.ro/EN/home.shtml" "Mozilla/5.0 (Windows NT 6.1; Win64; x64) AppleWebKit/537.36 (KHTML, like Gecko) Chrome/73.0.3683.103 Safari/537.36"
199.247.38.207 - - [06/May/2019:09:22:02 +0300] "GET /images/gray-border-pixel.gif HTTP/1.1" 200 43 "http://memiq.ro/EN/home.shtml" "Mozilla/5.0 (Windows NT 6.1; Win64; x64) AppleWebKit/537.36 (KHTML, like Gecko) Chrome/73.0.3683.103 Safari/537.36"
199.247.38.207 - - [06/May/2019:09:22:02 +0300] "GET /images/spacer.gif HTTP/1.1" 200 43 "http://memiq.ro/EN/home.shtml" "Mozilla/5.0 (Windows NT 6.1; Win64; x64) AppleWebKit/537.36 (KHTML, like Gecko) Chrome/73.0.3683.103 Safari/537.36"
199.247.38.207 - - [06/May/2019:09:22:02 +0300] "GET /images/top-right-corner-gray.gif HTTP/1.1" 200 65 "http://memiq.ro/EN/home.shtml" "Mozilla/5.0 (Windows NT 6.1; Win64; x64) AppleWebKit/537.36 (KHTML, like Gecko) Chrome/73.0.3683.103 Safari/537.36"
199.247.38.207 - - [06/May/2019:09:22:02 +0300] "GET /images/gray-header-pixel.gif HTTP/1.1" 200 43 "http://memiq.ro/EN/home.shtml" "Mozilla/5.0 (Windows NT 6.1; Win64; x64) AppleWebKit/537.36 (KHTML, like Gecko) Chrome/73.0.3683.103 Safari/537.36"
199.247.38.207 - - [06/May/2019:09:22:02 +0300] "GET /images/home.png HTTP/1.1" 200 7556 "http://memiq.ro/EN/home.shtml" "Mozilla/5.0 (Windows NT 6.1; Win64; x64) AppleWebKit/537.36 (KHTML, like Gecko) Chrome/73.0.3683.103 Safari/537.36"
199.247.38.207 - - [06/May/2019:09:22:02 +0300] "GET /images/memiqHome.jpg HTTP/1.1" 200 47773 "http://memiq.ro/EN/home.shtml" "Mozilla/5.0 (Windows NT 6.1; Win64; x64) AppleWebKit/537.36 (KHTML, like Gecko) Chrome/73.0.3683.103 Safari/537.36"
199.247.38.207 - - [06/May/2019:09:22:02 +0300] "GET /images/bottom-left-corner.gif HTTP/1.1" 200 51 "http://memiq.ro/EN/home.shtml" "Mozilla/5.0 (Windows NT 6.1; Win64; x64) AppleWebKit/537.36 (KHTML, like Gecko) Chrome/73.0.3683.103 Safari/537.36"
199.247.38.207 - - [06/May/2019:09:22:02 +0300] "GET /images/bottom-right-corner.gif HTTP/1.1" 200 52 "http://memiq.ro/EN/home.shtml" "Mozilla/5.0 (Windows NT 6.1; Win64; x64) AppleWebKit/537.36 (KHTML, like Gecko) Chrome/73.0.3683.103 Safari/537.36"
199.247.38.207 - - [06/May/2019:09:22:02 +0300] "GET /images/bottom-line1.gif HTTP/1.1" 200 189 "http://memiq.ro/EN/home.shtml" "Mozilla/5.0 (Windows NT 6.1; Win64; x64) AppleWebKit/537.36 (KHTML, like Gecko) Chrome/73.0.3683.103 Safari/537.36"
199.247.38.207 - - [06/May/2019:09:22:02 +0300] "GET /images/bottom-line2.gif HTTP/1.1" 200 189 "http://memiq.ro/EN/home.shtml" "Mozilla/5.0 (Windows NT 6.1; Win64; x64) AppleWebKit/537.36 (KHTML, like Gecko) Chrome/73.0.3683.103 Safari/537.36"
199.247.38.207 - - [06/May/2019:09:22:03 +0300] "GET /EN/include/memiq.ico HTTP/1.1" 200 2438 "http://memiq.ro/EN/home.shtml" "Mozilla/5.0 (Windows NT 6.1; Win64; x64) AppleWebKit/537.36 (KHTML, like Gecko) Chrome/73.0.3683.103 Safari/537.36"
199.247.38.207 - - [06/May/2019:09:23:40 +0300] "GET /training/continental/python HTTP/1.1" 301 252 "-" "Mozilla/5.0 (Windows NT 6.1; Win64; x64) AppleWebKit/537.36 (KHTML, like Gecko) Chrome/73.0.3683.103 Safari/537.36"
199.247.38.207 - - [06/May/2019:09:23:40 +0300] "GET /training/continental/python/ HTTP/1.1" 200 1040 "-" "Mozilla/5.0 (Windows NT 6.1; Win64; x64) AppleWebKit/537.36 (KHTML, like Gecko) Chrome/73.0.3683.103 Safari/537.36"
199.247.38.207 - - [06/May/2019:09:23:40 +0300] "GET /favicon.ico HTTP/1.1" 200 2438 "http://memiq.ro/training/continental/python/" "Mozilla/5.0 (Windows NT 6.1; Win64; x64) AppleWebKit/537.36 (KHTML, like Gecko) Chrome/73.0.3683.103 Safari/537.36"
184.169.235.237 - - [06/May/2019:09:23:48 +0300] "GET /robots.txt HTTP/1.1" 200 278 "-" "Mozilla/5.0 (Windows NT 6.1) AppleWebKit/537.1 (KHTML, like Gecko) Chrome/21.0.1180.89 Safari/537.1; http://spyonweb.com spyonweb@gmail.com"
199.247.38.207 - - [06/May/2019:09:23:48 +0300] "GET /training/continental/python/FundamentalsOfPython.pdf HTTP/1.1" 200 327160 "http://memiq.ro/training/continental/python/" "Mozilla/5.0 (Windows NT 6.1; Win64; x64) AppleWebKit/537.36 (KHTML, like Gecko) Chrome/73.0.3683.103 Safari/537.36"
184.169.235.237 - - [06/May/2019:09:23:48 +0300] "GET / HTTP/1.1" 302 213 "-" "Mozilla/5.0 (Windows NT 6.1) AppleWebKit/537.1 (KHTML, like Gecko) Chrome/21.0.1180.89 Safari/537.1; http://spyonweb.com spyonweb@gmail.com"
194.67.199.242 - - [06/May/2019:09:44:18 +0300] "HEAD / HTTP/1.1" 302 - "http://luchshii-blog.ru/category/diety-i-sport/" "Mozilla/6.0 (compatible; MSIE4.00; Windows 2002)"
94.142.139.89 - - [06/May/2019:09:44:19 +0300] "HEAD / HTTP/1.1" 302 - "http://filosoff.org/tvorchestvo/" "Mozilla/5.0 (compatible; MSIE2.00; Windows 2002)"
194.67.207.9 - - [06/May/2019:09:44:19 +0300] "HEAD / HTTP/1.1" 302 - "http://lifespeaker.ru" "Mozilla/8.0 (compatible; MSIE5.00; Windows 2007)"
194.67.199.242 - - [06/May/2019:09:44:23 +0300] "HEAD /EN/home.shtml HTTP/1.1" 200 - "http://luchshii-blog.ru/category/diety-i-sport/" "Mozilla/6.0 (compatible; MSIE4.00; Windows 2002)"
94.142.139.89 - - [06/May/2019:09:44:23 +0300] "HEAD /EN/home.shtml HTTP/1.1" 200 - "http://filosoff.org/tvorchestvo/" "Mozilla/5.0 (compatible; MSIE2.00; Windows 2002)"
194.67.207.9 - - [06/May/2019:09:44:23 +0300] "HEAD /EN/home.shtml HTTP/1.1" 200 - "http://lifespeaker.ru" "Mozilla/8.0 (compatible; MSIE5.00; Windows 2007)"
98.158.248.52 - - [06/May/2019:09:51:07 +0300] "GET /training/continental/python/ HTTP/1.1" 200 1040 "-" "Mozilla/5.0 (Windows NT 10.0; WOW64; Trident/7.0; rv:11.0) like Gecko"
98.158.248.52 - - [06/May/2019:09:51:08 +0300] "GET /favicon.ico HTTP/1.1" 200 2438 "-" "Mozilla/5.0 (Windows NT 10.0; Win64; x64; Trident/7.0; rv:11.0) like Gecko"
98.158.248.52 - - [06/May/2019:09:51:17 +0300] "GET /training/continental/python/FundamentalsOfPython.pdf HTTP/1.1" 200 327160 "http://www.memiq.ro/training/continental/python/" "Mozilla/5.0 (Windows NT 10.0; WOW64; Trident/7.0; rv:11.0) like Gecko"
199.247.38.207 - - [06/May/2019:09:56:56 +0300] "GET /training/continental/python/ HTTP/1.1" 200 1040 "-" "Mozilla/5.0 (Windows NT 6.1; Win64; x64) AppleWebKit/537.36 (KHTML, like Gecko) Chrome/73.0.3683.103 Safari/537.36"
199.247.38.207 - - [06/May/2019:09:57:06 +0300] "GET /training/continental/python/examples.rar HTTP/1.1" 200 9052 "http://memiq.ro/training/continental/python/" "Mozilla/5.0 (Windows NT 6.1; Win64; x64) AppleWebKit/537.36 (KHTML, like Gecko) Chrome/73.0.3683.103 Safari/537.36"
192.54.144.229 - - [06/May/2019:09:59:02 +0300] "GET /training/thales/cppAdvanced/ HTTP/1.1" 200 1199 "-" "Mozilla/5.0 (Windows NT 6.1; Win64; x64; rv:64.0) Gecko/20100101 Firefox/64.0"
192.54.144.229 - - [06/May/2019:09:59:10 +0300] "GET /training/thales/cppAdvanced/CPP.pdf HTTP/1.1" 304 - "http://memiq.ro/training/thales/cppAdvanced/" "Mozilla/5.0 (Windows NT 6.1; Win64; x64; rv:64.0) Gecko/20100101 Firefox/64.0"
199.247.38.207 - - [06/May/2019:10:04:10 +0300] "GET /training/continental/ HTTP/1.1" 200 98 "http://memiq.ro/training/continental/python/" "Mozilla/5.0 (Windows NT 6.1; Win64; x64) AppleWebKit/537.36 (KHTML, like Gecko) Chrome/73.0.3683.103 Safari/537.36"
199.247.38.207 - - [06/May/2019:10:04:11 +0300] "GET / HTTP/1.1" 302 217 "http://memiq.ro/training/continental/" "Mozilla/5.0 (Windows NT 6.1; Win64; x64) AppleWebKit/537.36 (KHTML, like Gecko) Chrome/73.0.3683.103 Safari/537.36"
199.247.38.207 - - [06/May/2019:10:04:12 +0300] "GET /EN/home.shtml HTTP/1.1" 200 11449 "http://memiq.ro/training/continental/" "Mozilla/5.0 (Windows NT 6.1; Win64; x64) AppleWebKit/537.36 (KHTML, like Gecko) Chrome/73.0.3683.103 Safari/537.36"
199.247.38.207 - - [06/May/2019:10:04:12 +0300] "GET /EN/menu/menu.css HTTP/1.1" 200 1820 "http://www.memiq.ro/EN/home.shtml" "Mozilla/5.0 (Windows NT 6.1; Win64; x64) AppleWebKit/537.36 (KHTML, like Gecko) Chrome/73.0.3683.103 Safari/537.36"
199.247.38.207 - - [06/May/2019:10:04:12 +0300] "GET /EN/include/style.css HTTP/1.1" 200 1650 "http://www.memiq.ro/EN/home.shtml" "Mozilla/5.0 (Windows NT 6.1; Win64; x64) AppleWebKit/537.36 (KHTML, like Gecko) Chrome/73.0.3683.103 Safari/537.36"
199.247.38.207 - - [06/May/2019:10:04:12 +0300] "GET /EN/menu/menu.js HTTP/1.1" 200 11961 "http://www.memiq.ro/EN/home.shtml" "Mozilla/5.0 (Windows NT 6.1; Win64; x64) AppleWebKit/537.36 (KHTML, like Gecko) Chrome/73.0.3683.103 Safari/537.36"
199.247.38.207 - - [06/May/2019:10:04:12 +0300] "GET /EN/menu/ie5.js HTTP/1.1" 200 2760 "http://www.memiq.ro/EN/home.shtml" "Mozilla/5.0 (Windows NT 6.1; Win64; x64) AppleWebKit/537.36 (KHTML, like Gecko) Chrome/73.0.3683.103 Safari/537.36"
199.247.38.207 - - [06/May/2019:10:04:12 +0300] "GET /images/memIQLogo.png HTTP/1.1" 200 9660 "http://www.memiq.ro/EN/home.shtml" "Mozilla/5.0 (Windows NT 6.1; Win64; x64) AppleWebKit/537.36 (KHTML, like Gecko) Chrome/73.0.3683.103 Safari/537.36"
199.247.38.207 - - [06/May/2019:10:04:12 +0300] "GET /images/bg_pixel.gif HTTP/1.1" 200 43 "http://www.memiq.ro/EN/home.shtml" "Mozilla/5.0 (Windows NT 6.1; Win64; x64) AppleWebKit/537.36 (KHTML, like Gecko) Chrome/73.0.3683.103 Safari/537.36"
199.247.38.207 - - [06/May/2019:10:04:12 +0300] "GET /images/top-left-corner-gray.gif HTTP/1.1" 200 52 "http://www.memiq.ro/EN/home.shtml" "Mozilla/5.0 (Windows NT 6.1; Win64; x64) AppleWebKit/537.36 (KHTML, like Gecko) Chrome/73.0.3683.103 Safari/537.36"
199.247.38.207 - - [06/May/2019:10:04:12 +0300] "GET /images/gray-border-pixel.gif HTTP/1.1" 200 43 "http://www.memiq.ro/EN/home.shtml" "Mozilla/5.0 (Windows NT 6.1; Win64; x64) AppleWebKit/537.36 (KHTML, like Gecko) Chrome/73.0.3683.103 Safari/537.36"
199.247.38.207 - - [06/May/2019:10:04:12 +0300] "GET /images/gray-header-pixel.gif HTTP/1.1" 200 43 "http://www.memiq.ro/EN/home.shtml" "Mozilla/5.0 (Windows NT 6.1; Win64; x64) AppleWebKit/537.36 (KHTML, like Gecko) Chrome/73.0.3683.103 Safari/537.36"
199.247.38.207 - - [06/May/2019:10:04:12 +0300] "GET /images/top-right-corner-gray.gif HTTP/1.1" 200 65 "http://www.memiq.ro/EN/home.shtml" "Mozilla/5.0 (Windows NT 6.1; Win64; x64) AppleWebKit/537.36 (KHTML, like Gecko) Chrome/73.0.3683.103 Safari/537.36"
199.247.38.207 - - [06/May/2019:10:04:12 +0300] "GET /images/home.png HTTP/1.1" 200 7556 "http://www.memiq.ro/EN/home.shtml" "Mozilla/5.0 (Windows NT 6.1; Win64; x64) AppleWebKit/537.36 (KHTML, like Gecko) Chrome/73.0.3683.103 Safari/537.36"
199.247.38.207 - - [06/May/2019:10:04:12 +0300] "GET /images/spacer.gif HTTP/1.1" 200 43 "http://www.memiq.ro/EN/home.shtml" "Mozilla/5.0 (Windows NT 6.1; Win64; x64) AppleWebKit/537.36 (KHTML, like Gecko) Chrome/73.0.3683.103 Safari/537.36"
199.247.38.207 - - [06/May/2019:10:04:12 +0300] "GET /images/memiqHome.jpg HTTP/1.1" 200 47773 "http://www.memiq.ro/EN/home.shtml" "Mozilla/5.0 (Windows NT 6.1; Win64; x64) AppleWebKit/537.36 (KHTML, like Gecko) Chrome/73.0.3683.103 Safari/537.36"
199.247.38.207 - - [06/May/2019:10:04:12 +0300] "GET /images/bottom-left-corner.gif HTTP/1.1" 200 51 "http://www.memiq.ro/EN/home.shtml" "Mozilla/5.0 (Windows NT 6.1; Win64; x64) AppleWebKit/537.36 (KHTML, like Gecko) Chrome/73.0.3683.103 Safari/537.36"
199.247.38.207 - - [06/May/2019:10:04:12 +0300] "GET /images/bottom-line1.gif HTTP/1.1" 200 189 "http://www.memiq.ro/EN/home.shtml" "Mozilla/5.0 (Windows NT 6.1; Win64; x64) AppleWebKit/537.36 (KHTML, like Gecko) Chrome/73.0.3683.103 Safari/537.36"
199.247.38.207 - - [06/May/2019:10:04:12 +0300] "GET /images/bottom-right-corner.gif HTTP/1.1" 200 52 "http://www.memiq.ro/EN/home.shtml" "Mozilla/5.0 (Windows NT 6.1; Win64; x64) AppleWebKit/537.36 (KHTML, like Gecko) Chrome/73.0.3683.103 Safari/537.36"
199.247.38.207 - - [06/May/2019:10:04:12 +0300] "GET /images/bottom-line2.gif HTTP/1.1" 200 189 "http://www.memiq.ro/EN/home.shtml" "Mozilla/5.0 (Windows NT 6.1; Win64; x64) AppleWebKit/537.36 (KHTML, like Gecko) Chrome/73.0.3683.103 Safari/537.36"
199.247.38.207 - - [06/May/2019:10:04:14 +0300] "GET /EN/include/memiq.ico HTTP/1.1" 200 2438 "http://www.memiq.ro/EN/home.shtml" "Mozilla/5.0 (Windows NT 6.1; Win64; x64) AppleWebKit/537.36 (KHTML, like Gecko) Chrome/73.0.3683.103 Safari/537.36"
199.247.38.207 - - [06/May/2019:10:05:04 +0300] "GET /EN/mission.shtml HTTP/1.1" 200 9515 "http://www.memiq.ro/EN/home.shtml" "Mozilla/5.0 (Windows NT 6.1; Win64; x64) AppleWebKit/537.36 (KHTML, like Gecko) Chrome/73.0.3683.103 Safari/537.36"
199.247.38.207 - - [06/May/2019:10:05:04 +0300] "GET /images/mission.png HTTP/1.1" 200 1507 "http://www.memiq.ro/EN/mission.shtml" "Mozilla/5.0 (Windows NT 6.1; Win64; x64) AppleWebKit/537.36 (KHTML, like Gecko) Chrome/73.0.3683.103 Safari/537.36"
199.247.38.207 - - [06/May/2019:10:05:04 +0300] "GET /images/memiqMission.jpg HTTP/1.1" 200 51654 "http://www.memiq.ro/EN/mission.shtml" "Mozilla/5.0 (Windows NT 6.1; Win64; x64) AppleWebKit/537.36 (KHTML, like Gecko) Chrome/73.0.3683.103 Safari/537.36"
199.247.38.207 - - [06/May/2019:10:05:13 +0300] "GET /EN/contact-us.shtml HTTP/1.1" 200 11359 "http://www.memiq.ro/EN/mission.shtml" "Mozilla/5.0 (Windows NT 6.1; Win64; x64) AppleWebKit/537.36 (KHTML, like Gecko) Chrome/73.0.3683.103 Safari/537.36"
199.247.38.207 - - [06/May/2019:10:05:52 +0300] "GET /EN/management.shtml HTTP/1.1" 200 10287 "http://www.memiq.ro/EN/contact-us.shtml" "Mozilla/5.0 (Windows NT 6.1; Win64; x64) AppleWebKit/537.36 (KHTML, like Gecko) Chrome/73.0.3683.103 Safari/537.36"
98.158.251.176 - - [06/May/2019:10:07:25 +0300] "GET /training/continental/python/examples.rar HTTP/1.1" 200 9052 "-" "Mozilla/5.0 (Windows NT 6.1; Win64; x64) AppleWebKit/537.36 (KHTML, like Gecko) Chrome/73.0.3683.86 Safari/537.36"
199.247.38.207 - - [06/May/2019:10:09:04 +0300] "GET /EN/home.shtml HTTP/1.1" 200 11449 "http://www.memiq.ro/EN/management.shtml" "Mozilla/5.0 (Windows NT 6.1; Win64; x64) AppleWebKit/537.36 (KHTML, like Gecko) Chrome/73.0.3683.103 Safari/537.36"
192.54.144.229 - - [06/May/2019:10:14:02 +0300] "GET /training/thales/cppAdvanced/CPP_Threads.pdf HTTP/1.1" 200 1959522 "http://memiq.ro/training/thales/cppAdvanced/" "Mozilla/5.0 (Windows NT 6.1; Win64; x64; rv:64.0) Gecko/20100101 Firefox/64.0"
192.54.144.229 - - [06/May/2019:10:14:17 +0300] "GET /training/thales/cppAdvanced/exercitii.zip HTTP/1.1" 200 21201 "http://memiq.ro/training/thales/cppAdvanced/" "Mozilla/5.0 (Windows NT 6.1; Win64; x64; rv:64.0) Gecko/20100101 Firefox/64.0"
192.54.144.229 - - [06/May/2019:10:14:24 +0300] "GET /training/thales/ HTTP/1.1" 200 98 "http://memiq.ro/training/thales/cppAdvanced/" "Mozilla/5.0 (Windows NT 6.1; Win64; x64; rv:64.0) Gecko/20100101 Firefox/64.0"
192.54.144.229 - - [06/May/2019:10:14:25 +0300] "GET / HTTP/1.1" 302 217 "-" "Mozilla/5.0 (Windows NT 6.1; Win64; x64; rv:64.0) Gecko/20100101 Firefox/64.0"
192.54.144.229 - - [06/May/2019:10:14:25 +0300] "GET /EN/home.shtml HTTP/1.1" 200 11449 "-" "Mozilla/5.0 (Windows NT 6.1; Win64; x64; rv:64.0) Gecko/20100101 Firefox/64.0"
192.54.144.229 - - [06/May/2019:10:14:25 +0300] "GET /EN/include/style.css HTTP/1.1" 200 1650 "http://www.memiq.ro/EN/home.shtml" "Mozilla/5.0 (Windows NT 6.1; Win64; x64; rv:64.0) Gecko/20100101 Firefox/64.0"
192.54.144.229 - - [06/May/2019:10:14:25 +0300] "GET /EN/menu/menu.css HTTP/1.1" 200 1820 "http://www.memiq.ro/EN/home.shtml" "Mozilla/5.0 (Windows NT 6.1; Win64; x64; rv:64.0) Gecko/20100101 Firefox/64.0"
192.54.144.229 - - [06/May/2019:10:14:25 +0300] "GET /EN/menu/ie5.js HTTP/1.1" 200 2760 "http://www.memiq.ro/EN/home.shtml" "Mozilla/5.0 (Windows NT 6.1; Win64; x64; rv:64.0) Gecko/20100101 Firefox/64.0"
192.54.144.229 - - [06/May/2019:10:14:26 +0300] "GET /EN/menu/menu.js HTTP/1.1" 200 11961 "http://www.memiq.ro/EN/home.shtml" "Mozilla/5.0 (Windows NT 6.1; Win64; x64; rv:64.0) Gecko/20100101 Firefox/64.0"
192.54.144.229 - - [06/May/2019:10:14:26 +0300] "GET /images/bg_pixel.gif HTTP/1.1" 200 43 "http://www.memiq.ro/EN/home.shtml" "Mozilla/5.0 (Windows NT 6.1; Win64; x64; rv:64.0) Gecko/20100101 Firefox/64.0"
192.54.144.229 - - [06/May/2019:10:14:26 +0300] "GET /images/top-left-corner-gray.gif HTTP/1.1" 200 52 "http://www.memiq.ro/EN/home.shtml" "Mozilla/5.0 (Windows NT 6.1; Win64; x64; rv:64.0) Gecko/20100101 Firefox/64.0"
192.54.144.229 - - [06/May/2019:10:14:26 +0300] "GET /images/memIQLogo.png HTTP/1.1" 200 9660 "http://www.memiq.ro/EN/home.shtml" "Mozilla/5.0 (Windows NT 6.1; Win64; x64; rv:64.0) Gecko/20100101 Firefox/64.0"
192.54.144.229 - - [06/May/2019:10:14:26 +0300] "GET /images/bottom-right-corner.gif HTTP/1.1" 200 52 "http://www.memiq.ro/EN/home.shtml" "Mozilla/5.0 (Windows NT 6.1; Win64; x64; rv:64.0) Gecko/20100101 Firefox/64.0"
192.54.144.229 - - [06/May/2019:10:14:26 +0300] "GET /images/home.png HTTP/1.1" 200 7556 "http://www.memiq.ro/EN/home.shtml" "Mozilla/5.0 (Windows NT 6.1; Win64; x64; rv:64.0) Gecko/20100101 Firefox/64.0"
192.54.144.229 - - [06/May/2019:10:14:26 +0300] "GET /images/gray-border-pixel.gif HTTP/1.1" 200 43 "http://www.memiq.ro/EN/home.shtml" "Mozilla/5.0 (Windows NT 6.1; Win64; x64; rv:64.0) Gecko/20100101 Firefox/64.0"
192.54.144.229 - - [06/May/2019:10:14:26 +0300] "GET /images/bottom-line2.gif HTTP/1.1" 200 189 "http://www.memiq.ro/EN/home.shtml" "Mozilla/5.0 (Windows NT 6.1; Win64; x64; rv:64.0) Gecko/20100101 Firefox/64.0"
192.54.144.229 - - [06/May/2019:10:14:26 +0300] "GET /images/memiqHome.jpg HTTP/1.1" 200 47773 "http://www.memiq.ro/EN/home.shtml" "Mozilla/5.0 (Windows NT 6.1; Win64; x64; rv:64.0) Gecko/20100101 Firefox/64.0"
192.54.144.229 - - [06/May/2019:10:14:26 +0300] "GET /images/bottom-left-corner.gif HTTP/1.1" 200 51 "http://www.memiq.ro/EN/home.shtml" "Mozilla/5.0 (Windows NT 6.1; Win64; x64; rv:64.0) Gecko/20100101 Firefox/64.0"
192.54.144.229 - - [06/May/2019:10:14:26 +0300] "GET /images/spacer.gif HTTP/1.1" 200 43 "http://www.memiq.ro/EN/home.shtml" "Mozilla/5.0 (Windows NT 6.1; Win64; x64; rv:64.0) Gecko/20100101 Firefox/64.0"
